<<<<<<< Updated upstream
<<<<<<< Updated upstream
2025-10-24 17:41:16,288 - plugin.keylogger_detector - INFO - 📄 Configuración cargada desde C:\Users\windows10\Documents\GitHub\ANTIVIRUS_CPP_PROFESSIONAL\UNIFIED_ANTIVIRUS\plugins\detectors\keylogger_detector\config.json
2025-10-24 17:41:16,492 - plugin.keylogger_detector - INFO - ✅ Plugin 'keylogger_detector' activado exitosamente
2025-10-26 17:13:02,329 - plugin.keylogger_detector - INFO - 📄 Configuración cargada desde C:\Users\windows10\Documents\GitHub\ANTIVIRUS_CPP_PROFESSIONAL\UNIFIED_ANTIVIRUS\plugins\detectors\keylogger_detector\config.json
2025-10-26 17:13:02,541 - plugin.keylogger_detector - INFO - ✅ Plugin 'keylogger_detector' activado exitosamente
2025-10-26 17:24:30,583 - plugin.keylogger_detector - INFO - 📄 Configuración cargada desde C:\Users\windows10\Documents\GitHub\ANTIVIRUS_CPP_PROFESSIONAL\UNIFIED_ANTIVIRUS\plugins\detectors\keylogger_detector\config.json
2025-10-26 17:24:30,854 - plugin.keylogger_detector - INFO - ✅ Plugin 'keylogger_detector' activado exitosamente
2025-10-26 17:35:53,618 - plugin.keylogger_detector - INFO - 📄 Configuración cargada desde C:\Users\windows10\Documents\GitHub\ANTIVIRUS_CPP_PROFESSIONAL\UNIFIED_ANTIVIRUS\plugins\detectors\keylogger_detector\config.json
2025-10-26 17:35:53,919 - plugin.keylogger_detector - INFO - ✅ Plugin 'keylogger_detector' activado exitosamente
2025-10-26 18:28:38,699 - plugin.keylogger_detector - INFO - 📄 Configuración cargada desde C:\Users\windows10\Documents\GitHub\ANTIVIRUS_CPP_PROFESSIONAL\UNIFIED_ANTIVIRUS\plugins\detectors\keylogger_detector\config.json
2025-10-26 18:28:39,052 - plugin.keylogger_detector - INFO - ✅ Plugin 'keylogger_detector' activado exitosamente
2025-10-26 18:29:34,511 - plugin.keylogger_detector - INFO - 📄 Configuración cargada desde C:\Users\windows10\Documents\GitHub\ANTIVIRUS_CPP_PROFESSIONAL\UNIFIED_ANTIVIRUS\plugins\detectors\keylogger_detector\config.json
2025-10-26 18:29:34,746 - plugin.keylogger_detector - INFO - ✅ Plugin 'keylogger_detector' activado exitosamente
2025-10-27 11:38:44,501 - plugin.keylogger_detector - INFO - 📄 Configuración cargada desde C:\Users\windows10\Documents\GitHub\ANTIVIRUS_CPP_PROFESSIONAL\UNIFIED_ANTIVIRUS\plugins\detectors\keylogger_detector\config.json
2025-10-27 11:38:44,641 - plugin.keylogger_detector - INFO - ✅ Plugin 'keylogger_detector' activado exitosamente
2025-10-27 11:40:00,765 - plugin.keylogger_detector - INFO - 📄 Configuración cargada desde C:\Users\windows10\Documents\GitHub\ANTIVIRUS_CPP_PROFESSIONAL\UNIFIED_ANTIVIRUS\plugins\detectors\keylogger_detector\config.json
2025-10-27 11:40:00,932 - plugin.keylogger_detector - INFO - ✅ Plugin 'keylogger_detector' activado exitosamente
2025-10-27 11:41:50,982 - plugin.keylogger_detector - INFO - 📄 Configuración cargada desde C:\Users\windows10\Documents\GitHub\ANTIVIRUS_CPP_PROFESSIONAL\UNIFIED_ANTIVIRUS\plugins\detectors\keylogger_detector\config.json
2025-10-27 11:41:51,135 - plugin.keylogger_detector - INFO - ✅ Plugin 'keylogger_detector' activado exitosamente
2025-10-27 11:44:27,815 - plugin.keylogger_detector - INFO - 📄 Configuración cargada desde C:\Users\windows10\Documents\GitHub\ANTIVIRUS_CPP_PROFESSIONAL\UNIFIED_ANTIVIRUS\plugins\detectors\keylogger_detector\config.json
2025-10-27 11:44:27,927 - plugin.keylogger_detector - INFO - ✅ Plugin 'keylogger_detector' activado exitosamente
2025-10-27 11:59:21,637 - plugin.keylogger_detector - INFO - 📄 Configuración cargada desde C:\Users\windows10\Documents\GitHub\ANTIVIRUS_CPP_PROFESSIONAL\UNIFIED_ANTIVIRUS\plugins\detectors\keylogger_detector\config.json
2025-10-27 11:59:21,726 - plugin.keylogger_detector - INFO - ✅ Plugin 'keylogger_detector' activado exitosamente
2025-10-27 12:00:49,765 - plugin.keylogger_detector - INFO - 📄 Configuración cargada desde C:\Users\windows10\Documents\GitHub\ANTIVIRUS_CPP_PROFESSIONAL\UNIFIED_ANTIVIRUS\plugins\detectors\keylogger_detector\config.json
2025-10-27 12:00:49,966 - plugin.keylogger_detector - INFO - ✅ Plugin 'keylogger_detector' activado exitosamente
2025-10-27 12:14:07,793 - plugin.keylogger_detector - INFO - 📄 Configuración cargada desde C:\Users\windows10\Documents\GitHub\ANTIVIRUS_CPP_PROFESSIONAL\UNIFIED_ANTIVIRUS\plugins\detectors\keylogger_detector\config.json
2025-10-27 12:14:07,937 - plugin.keylogger_detector - INFO - ✅ Plugin 'keylogger_detector' activado exitosamente
2025-10-27 12:15:50,734 - plugin.keylogger_detector - INFO - 📄 Configuración cargada desde C:\Users\windows10\Documents\GitHub\ANTIVIRUS_CPP_PROFESSIONAL\UNIFIED_ANTIVIRUS\plugins\detectors\keylogger_detector\config.json
2025-10-27 12:15:50,831 - plugin.keylogger_detector - INFO - ✅ Plugin 'keylogger_detector' activado exitosamente
2025-10-27 12:17:06,004 - plugin.keylogger_detector - INFO - 📄 Configuración cargada desde C:\Users\windows10\Documents\GitHub\ANTIVIRUS_CPP_PROFESSIONAL\UNIFIED_ANTIVIRUS\plugins\detectors\keylogger_detector\config.json
2025-10-27 12:17:06,145 - plugin.keylogger_detector - INFO - ✅ Plugin 'keylogger_detector' activado exitosamente
2025-10-27 12:21:01,712 - plugin.keylogger_detector - INFO - 📄 Configuración cargada desde C:\Users\windows10\Documents\GitHub\ANTIVIRUS_CPP_PROFESSIONAL\UNIFIED_ANTIVIRUS\plugins\detectors\keylogger_detector\config.json
2025-10-27 12:21:01,866 - plugin.keylogger_detector - INFO - ✅ Plugin 'keylogger_detector' activado exitosamente
2025-10-27 12:21:52,132 - plugin.keylogger_detector - INFO - 📄 Configuración cargada desde C:\Users\windows10\Documents\GitHub\ANTIVIRUS_CPP_PROFESSIONAL\UNIFIED_ANTIVIRUS\plugins\detectors\keylogger_detector\config.json
2025-10-27 12:21:52,276 - plugin.keylogger_detector - INFO - ✅ Plugin 'keylogger_detector' activado exitosamente
2025-10-27 12:29:49,578 - plugin.keylogger_detector - INFO - 📄 Configuración cargada desde C:\Users\windows10\Documents\GitHub\ANTIVIRUS_CPP_PROFESSIONAL\UNIFIED_ANTIVIRUS\plugins\detectors\keylogger_detector\config.json
2025-10-27 12:31:11,578 - plugin.keylogger_detector - INFO - 📄 Configuración cargada desde C:\Users\windows10\Documents\GitHub\ANTIVIRUS_CPP_PROFESSIONAL\UNIFIED_ANTIVIRUS\plugins\detectors\keylogger_detector\config.json
2025-10-27 13:13:45,047 - plugin.keylogger_detector - INFO - 📄 Configuración cargada desde C:\Users\windows10\Documents\GitHub\ANTIVIRUS_CPP_PROFESSIONAL\UNIFIED_ANTIVIRUS\plugins\detectors\keylogger_detector\config.json
2025-10-27 13:15:59,504 - plugin.keylogger_detector - INFO - 📄 Configuración cargada desde C:\Users\windows10\Documents\GitHub\ANTIVIRUS_CPP_PROFESSIONAL\UNIFIED_ANTIVIRUS\plugins\detectors\keylogger_detector\config.json
2025-10-27 13:17:07,415 - plugin.keylogger_detector - INFO - 📄 Configuración cargada desde C:\Users\windows10\Documents\GitHub\ANTIVIRUS_CPP_PROFESSIONAL\UNIFIED_ANTIVIRUS\plugins\detectors\keylogger_detector\config.json
2025-10-27 13:32:28,120 - plugin.keylogger_detector - INFO - 📄 Configuración cargada desde C:\Users\windows10\Documents\GitHub\ANTIVIRUS_CPP_PROFESSIONAL\UNIFIED_ANTIVIRUS\plugins\detectors\keylogger_detector\config.json
2025-10-27 13:35:37,690 - plugin.keylogger_detector - INFO - 📄 Configuración cargada desde C:\Users\windows10\Documents\GitHub\ANTIVIRUS_CPP_PROFESSIONAL\UNIFIED_ANTIVIRUS\plugins\detectors\keylogger_detector\config.json
2025-10-27 13:49:55,298 - plugin.keylogger_detector - INFO - 📄 Configuración cargada desde C:\Users\windows10\Documents\GitHub\ANTIVIRUS_CPP_PROFESSIONAL\UNIFIED_ANTIVIRUS\plugins\detectors\keylogger_detector\config.json
2025-10-27 14:02:46,200 - plugin.keylogger_detector - INFO - 📄 Configuración cargada desde C:\Users\windows10\Documents\GitHub\ANTIVIRUS_CPP_PROFESSIONAL\UNIFIED_ANTIVIRUS\plugins\detectors\keylogger_detector\config.json
2025-10-27 14:08:00,462 - plugin.keylogger_detector - INFO - 📄 Configuración cargada desde C:\Users\windows10\Documents\GitHub\ANTIVIRUS_CPP_PROFESSIONAL\UNIFIED_ANTIVIRUS\plugins\detectors\keylogger_detector\config.json
2025-10-27 14:18:07,390 - plugin.keylogger_detector - INFO - 📄 Configuración cargada desde C:\Users\windows10\Documents\GitHub\ANTIVIRUS_CPP_PROFESSIONAL\UNIFIED_ANTIVIRUS\plugins\detectors\keylogger_detector\config.json
2025-10-27 14:20:23,545 - plugin.keylogger_detector - INFO - 📄 Configuración cargada desde C:\Users\windows10\Documents\GitHub\ANTIVIRUS_CPP_PROFESSIONAL\UNIFIED_ANTIVIRUS\plugins\detectors\keylogger_detector\config.json
2025-10-27 14:23:33,972 - plugin.keylogger_detector - INFO - 📄 Configuración cargada desde C:\Users\windows10\Documents\GitHub\ANTIVIRUS_CPP_PROFESSIONAL\UNIFIED_ANTIVIRUS\plugins\detectors\keylogger_detector\config.json
2025-10-27 14:25:50,277 - plugin.keylogger_detector - INFO - 📄 Configuración cargada desde C:\Users\windows10\Documents\GitHub\ANTIVIRUS_CPP_PROFESSIONAL\UNIFIED_ANTIVIRUS\plugins\detectors\keylogger_detector\config.json
2025-11-05 15:42:48,831 - plugin.keylogger_detector - INFO - 📄 Configuración cargada desde C:\Users\windows10\Documents\GitHub\ANTIVIRUS_CPP_PROFESSIONAL\UNIFIED_ANTIVIRUS\plugins\detectors\keylogger_detector\config.json
2025-11-08 17:16:46,348 - plugin.keylogger_detector - INFO - 📄 Configuración cargada desde C:\Users\windows10\Documents\GitHub\ANTIVIRUS_CPP_PROFESSIONAL\UNIFIED_ANTIVIRUS\plugins\detectors\keylogger_detector\config.json
2025-11-08 17:40:33,499 - plugin.keylogger_detector - INFO - 📄 Configuración cargada desde C:\Users\windows10\Documents\GitHub\ANTIVIRUS_CPP_PROFESSIONAL\UNIFIED_ANTIVIRUS\plugins\detectors\keylogger_detector\config.json
2025-11-08 17:49:00,411 - plugin.keylogger_detector - INFO - 📄 Configuración cargada desde C:\Users\windows10\Documents\GitHub\ANTIVIRUS_CPP_PROFESSIONAL\UNIFIED_ANTIVIRUS\plugins\detectors\keylogger_detector\config.json
2025-11-08 17:50:44,569 - plugin.keylogger_detector - INFO - 📄 Configuración cargada desde C:\Users\windows10\Documents\GitHub\ANTIVIRUS_CPP_PROFESSIONAL\UNIFIED_ANTIVIRUS\plugins\detectors\keylogger_detector\config.json
2025-11-08 20:03:37,367 - plugin.keylogger_detector - INFO - 📄 Configuración cargada desde C:\Users\windows10\Documents\GitHub\ANTIVIRUS_CPP_PROFESSIONAL\UNIFIED_ANTIVIRUS\plugins\detectors\keylogger_detector\config.json
2025-11-08 20:24:50,653 - plugin.keylogger_detector - INFO - 📄 Configuración cargada desde C:\Users\windows10\Documents\GitHub\ANTIVIRUS_CPP_PROFESSIONAL\UNIFIED_ANTIVIRUS\plugins\detectors\keylogger_detector\config.json
2025-11-08 20:37:19,069 - plugin.keylogger_detector - INFO - 📄 Configuración cargada desde C:\Users\windows10\Documents\GitHub\ANTIVIRUS_CPP_PROFESSIONAL\UNIFIED_ANTIVIRUS\plugins\detectors\keylogger_detector\config.json
2025-11-08 20:38:41,712 - plugin.keylogger_detector - INFO - 📄 Configuración cargada desde C:\Users\windows10\Documents\GitHub\ANTIVIRUS_CPP_PROFESSIONAL\UNIFIED_ANTIVIRUS\plugins\detectors\keylogger_detector\config.json
2025-11-08 20:46:28,567 - plugin.keylogger_detector - INFO - 📄 Configuración cargada desde C:\Users\windows10\Documents\GitHub\ANTIVIRUS_CPP_PROFESSIONAL\UNIFIED_ANTIVIRUS\plugins\detectors\keylogger_detector\config.json
2025-11-08 21:02:05,266 - plugin.keylogger_detector - INFO - 📄 Configuración cargada desde C:\Users\windows10\Documents\GitHub\ANTIVIRUS_CPP_PROFESSIONAL\UNIFIED_ANTIVIRUS\plugins\detectors\keylogger_detector\config.json
2025-11-08 21:37:37,404 - plugin.keylogger_detector - INFO - 📄 Configuración cargada desde C:\Users\windows10\Documents\GitHub\ANTIVIRUS_CPP_PROFESSIONAL\UNIFIED_ANTIVIRUS\plugins\detectors\keylogger_detector\config.json
2025-11-08 22:23:59,176 - plugin.keylogger_detector - INFO - 📄 Configuración cargada desde C:\Users\windows10\Documents\GitHub\ANTIVIRUS_CPP_PROFESSIONAL\UNIFIED_ANTIVIRUS\plugins\detectors\keylogger_detector\config.json
2025-11-08 22:26:42,850 - plugin.keylogger_detector - INFO - 📄 Configuración cargada desde C:\Users\windows10\Documents\GitHub\ANTIVIRUS_CPP_PROFESSIONAL\UNIFIED_ANTIVIRUS\plugins\detectors\keylogger_detector\config.json
2025-11-08 22:28:30,244 - plugin.keylogger_detector - INFO - 📄 Configuración cargada desde C:\Users\windows10\Documents\GitHub\ANTIVIRUS_CPP_PROFESSIONAL\UNIFIED_ANTIVIRUS\plugins\detectors\keylogger_detector\config.json
2025-11-08 22:30:58,541 - plugin.keylogger_detector - INFO - 📄 Configuración cargada desde C:\Users\windows10\Documents\GitHub\ANTIVIRUS_CPP_PROFESSIONAL\UNIFIED_ANTIVIRUS\plugins\detectors\keylogger_detector\config.json
2025-11-08 22:42:18,137 - plugin.keylogger_detector - INFO - 📄 Configuración cargada desde C:\Users\windows10\Documents\GitHub\ANTIVIRUS_CPP_PROFESSIONAL\UNIFIED_ANTIVIRUS\plugins\detectors\keylogger_detector\config.json
2025-11-08 22:49:09,760 - plugin.keylogger_detector - INFO - 📄 Configuración cargada desde C:\Users\windows10\Documents\GitHub\ANTIVIRUS_CPP_PROFESSIONAL\UNIFIED_ANTIVIRUS\plugins\detectors\keylogger_detector\config.json
2025-11-08 23:00:23,853 - plugin.keylogger_detector - INFO - 📄 Configuración cargada desde C:\Users\windows10\Documents\GitHub\ANTIVIRUS_CPP_PROFESSIONAL\UNIFIED_ANTIVIRUS\plugins\detectors\keylogger_detector\config.json
2025-11-08 23:10:53,206 - plugin.keylogger_detector - INFO - 📄 Configuración cargada desde C:\Users\windows10\Documents\GitHub\ANTIVIRUS_CPP_PROFESSIONAL\UNIFIED_ANTIVIRUS\plugins\detectors\keylogger_detector\config.json
2025-11-08 23:14:19,498 - plugin.keylogger_detector - INFO - 📄 Configuración cargada desde C:\Users\windows10\Documents\GitHub\ANTIVIRUS_CPP_PROFESSIONAL\UNIFIED_ANTIVIRUS\plugins\detectors\keylogger_detector\config.json
2025-11-08 23:18:38,744 - plugin.keylogger_detector - INFO - 📄 Configuración cargada desde C:\Users\windows10\Documents\GitHub\ANTIVIRUS_CPP_PROFESSIONAL\UNIFIED_ANTIVIRUS\plugins\detectors\keylogger_detector\config.json
2025-11-08 23:19:47,279 - plugin.keylogger_detector - INFO - 📄 Configuración cargada desde C:\Users\windows10\Documents\GitHub\ANTIVIRUS_CPP_PROFESSIONAL\UNIFIED_ANTIVIRUS\plugins\detectors\keylogger_detector\config.json
2025-11-08 23:21:56,096 - plugin.keylogger_detector - INFO - 📄 Configuración cargada desde C:\Users\windows10\Documents\GitHub\ANTIVIRUS_CPP_PROFESSIONAL\UNIFIED_ANTIVIRUS\plugins\detectors\keylogger_detector\config.json
2025-11-08 23:24:09,806 - plugin.keylogger_detector - INFO - 📄 Configuración cargada desde C:\Users\windows10\Documents\GitHub\ANTIVIRUS_CPP_PROFESSIONAL\UNIFIED_ANTIVIRUS\plugins\detectors\keylogger_detector\config.json
2025-11-08 23:25:28,313 - plugin.keylogger_detector - INFO - 📄 Configuración cargada desde C:\Users\windows10\Documents\GitHub\ANTIVIRUS_CPP_PROFESSIONAL\UNIFIED_ANTIVIRUS\plugins\detectors\keylogger_detector\config.json
2025-11-08 23:27:14,059 - plugin.keylogger_detector - INFO - 📄 Configuración cargada desde C:\Users\windows10\Documents\GitHub\ANTIVIRUS_CPP_PROFESSIONAL\UNIFIED_ANTIVIRUS\plugins\detectors\keylogger_detector\config.json
2025-11-08 23:30:57,572 - plugin.keylogger_detector - INFO - 📄 Configuración cargada desde C:\Users\windows10\Documents\GitHub\ANTIVIRUS_CPP_PROFESSIONAL\UNIFIED_ANTIVIRUS\plugins\detectors\keylogger_detector\config.json
2025-11-10 14:54:18,907 - plugin.keylogger_detector - INFO - 📄 Configuración cargada desde C:\Users\windows10\Documents\GitHub\ANTIVIRUS_CPP_PROFESSIONAL\UNIFIED_ANTIVIRUS\plugins\detectors\keylogger_detector\config.json
2025-11-10 15:00:19,484 - plugin.keylogger_detector - INFO - 📄 Configuración cargada desde C:\Users\windows10\Documents\GitHub\ANTIVIRUS_CPP_PROFESSIONAL\UNIFIED_ANTIVIRUS\plugins\detectors\keylogger_detector\config.json
2025-11-10 15:06:01,317 - plugin.keylogger_detector - INFO - 📄 Configuración cargada desde C:\Users\windows10\Documents\GitHub\ANTIVIRUS_CPP_PROFESSIONAL\UNIFIED_ANTIVIRUS\plugins\detectors\keylogger_detector\config.json
2025-11-10 15:06:56,692 - plugin.keylogger_detector - INFO - 📄 Configuración cargada desde C:\Users\windows10\Documents\GitHub\ANTIVIRUS_CPP_PROFESSIONAL\UNIFIED_ANTIVIRUS\plugins\detectors\keylogger_detector\config.json
2025-11-10 15:13:52,419 - plugin.keylogger_detector - INFO - 📄 Configuración cargada desde C:\Users\windows10\Documents\GitHub\ANTIVIRUS_CPP_PROFESSIONAL\UNIFIED_ANTIVIRUS\plugins\detectors\keylogger_detector\config.json
2025-11-10 15:21:01,131 - plugin.keylogger_detector - INFO - 📄 Configuración cargada desde C:\Users\windows10\Documents\GitHub\ANTIVIRUS_CPP_PROFESSIONAL\UNIFIED_ANTIVIRUS\plugins\detectors\keylogger_detector\config.json
2025-11-10 15:24:26,958 - plugin.keylogger_detector - INFO - 📄 Configuración cargada desde C:\Users\windows10\Documents\GitHub\ANTIVIRUS_CPP_PROFESSIONAL\UNIFIED_ANTIVIRUS\plugins\detectors\keylogger_detector\config.json
2025-11-10 15:29:49,395 - plugin.keylogger_detector - INFO - 📄 Configuración cargada desde C:\Users\windows10\Documents\GitHub\ANTIVIRUS_CPP_PROFESSIONAL\UNIFIED_ANTIVIRUS\plugins\detectors\keylogger_detector\config.json
2025-11-10 15:34:36,641 - plugin.keylogger_detector - INFO - 📄 Configuración cargada desde C:\Users\windows10\Documents\GitHub\ANTIVIRUS_CPP_PROFESSIONAL\UNIFIED_ANTIVIRUS\plugins\detectors\keylogger_detector\config.json
2025-11-10 15:41:52,401 - plugin.keylogger_detector - INFO - 📄 Configuración cargada desde C:\Users\windows10\Documents\GitHub\ANTIVIRUS_CPP_PROFESSIONAL\UNIFIED_ANTIVIRUS\plugins\detectors\keylogger_detector\config.json
2025-11-10 15:46:35,776 - plugin.keylogger_detector - INFO - 📄 Configuración cargada desde C:\Users\windows10\Documents\GitHub\ANTIVIRUS_CPP_PROFESSIONAL\UNIFIED_ANTIVIRUS\plugins\detectors\keylogger_detector\config.json
2025-11-10 16:00:35,972 - plugin.keylogger_detector - INFO - 📄 Configuración cargada desde C:\Users\windows10\Documents\GitHub\ANTIVIRUS_CPP_PROFESSIONAL\UNIFIED_ANTIVIRUS\plugins\detectors\keylogger_detector\config.json
2025-11-10 16:09:52,714 - plugin.keylogger_detector - INFO - ✅ Plugin 'keylogger_detector' activado exitosamente
2025-11-10 16:10:17,022 - plugin.keylogger_detector - INFO - 📄 Configuración cargada desde C:\Users\windows10\Documents\GitHub\ANTIVIRUS_CPP_PROFESSIONAL\UNIFIED_ANTIVIRUS\plugins\detectors\keylogger_detector\config.json
2025-11-10 16:20:14,420 - plugin.keylogger_detector - INFO - 📄 Configuración cargada desde C:\Users\windows10\Documents\GitHub\ANTIVIRUS_CPP_PROFESSIONAL\UNIFIED_ANTIVIRUS\plugins\detectors\keylogger_detector\config.json
2025-11-10 16:26:20,672 - plugin.keylogger_detector - INFO - 📄 Configuración cargada desde C:\Users\windows10\Documents\GitHub\ANTIVIRUS_CPP_PROFESSIONAL\UNIFIED_ANTIVIRUS\plugins\detectors\keylogger_detector\config.json
2025-11-10 16:26:20,989 - plugin.keylogger_detector - INFO - ✅ Plugin 'keylogger_detector' activado exitosamente
2025-11-10 16:27:32,656 - plugin.keylogger_detector - INFO - 📄 Configuración cargada desde C:\Users\windows10\Documents\GitHub\ANTIVIRUS_CPP_PROFESSIONAL\UNIFIED_ANTIVIRUS\plugins\detectors\keylogger_detector\config.json
2025-11-10 16:27:33,002 - plugin.keylogger_detector - INFO - ✅ Plugin 'keylogger_detector' activado exitosamente
2025-11-10 16:30:24,671 - plugin.keylogger_detector - INFO - 📄 Configuración cargada desde C:\Users\windows10\Documents\GitHub\ANTIVIRUS_CPP_PROFESSIONAL\UNIFIED_ANTIVIRUS\plugins\detectors\keylogger_detector\config.json
2025-11-10 16:30:25,107 - plugin.keylogger_detector - INFO - ✅ Plugin 'keylogger_detector' activado exitosamente
2025-11-10 20:17:33,675 - plugin.keylogger_detector - INFO - 📄 Configuración cargada desde C:\Users\HP\Documents\GitHub\ANTIVIRUS_CPP_PROFESSIONAL\UNIFIED_ANTIVIRUS\plugins\detectors\keylogger_detector\config.json
2025-11-10 20:17:34,075 - plugin.keylogger_detector - INFO - ✅ Plugin 'keylogger_detector' activado exitosamente
2025-11-10 20:46:51,780 - plugin.keylogger_detector - INFO - 📄 Configuración cargada desde C:\Users\HP\Documents\GitHub\ANTIVIRUS_CPP_PROFESSIONAL\UNIFIED_ANTIVIRUS\plugins\detectors\keylogger_detector\config.json
2025-11-10 20:46:52,134 - plugin.keylogger_detector - INFO - ✅ Plugin 'keylogger_detector' activado exitosamente
=======
=======
>>>>>>> Stashed changes
2025-11-12 14:24:00,460 - plugin.keylogger_detector - INFO - 📄 Configuración cargada desde C:\Users\windows10\Documents\GitHub\ANTIVIRUS_CPP_PROFESSIONAL\UNIFIED_ANTIVIRUS\plugins\detectors\keylogger_detector\config.json
2025-11-12 14:24:00,756 - plugin.keylogger_detector - INFO - ✅ Plugin 'keylogger_detector' activado exitosamente
2025-11-12 14:50:00,250 - plugin.keylogger_detector - INFO - 📄 Configuración cargada desde C:\Users\windows10\Documents\GitHub\ANTIVIRUS_CPP_PROFESSIONAL\UNIFIED_ANTIVIRUS\plugins\detectors\keylogger_detector\config.json
2025-11-12 14:50:00,532 - plugin.keylogger_detector - INFO - ✅ Plugin 'keylogger_detector' activado exitosamente
2025-11-12 15:17:03,614 - plugin.keylogger_detector - INFO - 📄 Configuración cargada desde C:\Users\windows10\Documents\GitHub\ANTIVIRUS_CPP_PROFESSIONAL\UNIFIED_ANTIVIRUS\plugins\detectors\keylogger_detector\config.json
2025-11-12 15:17:03,993 - plugin.keylogger_detector - INFO - ✅ Plugin 'keylogger_detector' activado exitosamente
<<<<<<< Updated upstream
>>>>>>> Stashed changes
=======
>>>>>>> Stashed changes
2025-11-13 20:25:42,418 - plugin.keylogger_detector - INFO - 📄 Configuración cargada desde C:\Users\HP\Documents\GitHub\ANTIVIRUS_CPP_PROFESSIONAL\UNIFIED_ANTIVIRUS\plugins\detectors\keylogger_detector\config.json
2025-11-13 20:25:42,633 - plugin.keylogger_detector - INFO - ✅ Plugin 'keylogger_detector' activado exitosamente
2025-11-13 20:27:46,003 - plugin.keylogger_detector - INFO - 📄 Configuración cargada desde C:\Users\HP\Documents\GitHub\ANTIVIRUS_CPP_PROFESSIONAL\UNIFIED_ANTIVIRUS\plugins\detectors\keylogger_detector\config.json
2025-11-13 20:27:46,368 - plugin.keylogger_detector - INFO - ✅ Plugin 'keylogger_detector' activado exitosamente
2025-11-16 17:01:45,283 - plugin.keylogger_detector - INFO - 📄 Configuración cargada desde C:\Users\windows10\Documents\GitHub\ANTIVIRUS_CPP_PROFESSIONAL\UNIFIED_ANTIVIRUS\plugins\detectors\keylogger_detector\config.json
2025-11-16 17:01:45,777 - plugin.keylogger_detector - INFO - ✅ Plugin 'keylogger_detector' activado exitosamente
2025-11-16 17:50:18,106 - plugin.keylogger_detector - INFO - 📄 Configuración cargada desde C:\Users\windows10\Documents\GitHub\ANTIVIRUS_CPP_PROFESSIONAL\UNIFIED_ANTIVIRUS\plugins\detectors\keylogger_detector\config.json
2025-11-16 17:50:18,620 - plugin.keylogger_detector - INFO - ✅ Plugin 'keylogger_detector' activado exitosamente
2025-11-16 18:03:49,838 - plugin.keylogger_detector - INFO - 📄 Configuración cargada desde C:\Users\windows10\Documents\GitHub\ANTIVIRUS_CPP_PROFESSIONAL\UNIFIED_ANTIVIRUS\plugins\detectors\keylogger_detector\config.json
2025-11-16 18:03:50,298 - plugin.keylogger_detector - INFO - ✅ Plugin 'keylogger_detector' activado exitosamente
2025-11-16 18:14:02,191 - plugin.keylogger_detector - INFO - 📄 Configuración cargada desde C:\Users\windows10\Documents\GitHub\ANTIVIRUS_CPP_PROFESSIONAL\UNIFIED_ANTIVIRUS\plugins\detectors\keylogger_detector\config.json
2025-11-16 18:14:02,650 - plugin.keylogger_detector - INFO - ✅ Plugin 'keylogger_detector' activado exitosamente
2025-11-16 18:22:10,610 - plugin.keylogger_detector - INFO - 📄 Configuración cargada desde C:\Users\windows10\Documents\GitHub\ANTIVIRUS_CPP_PROFESSIONAL\UNIFIED_ANTIVIRUS\plugins\detectors\keylogger_detector\config.json
2025-11-16 18:22:11,217 - plugin.keylogger_detector - INFO - ✅ Plugin 'keylogger_detector' activado exitosamente
2025-11-16 18:25:08,261 - plugin.keylogger_detector - INFO - 📄 Configuración cargada desde C:\Users\windows10\Documents\GitHub\ANTIVIRUS_CPP_PROFESSIONAL\UNIFIED_ANTIVIRUS\plugins\detectors\keylogger_detector\config.json
2025-11-16 18:25:08,585 - plugin.keylogger_detector - INFO - ✅ Plugin 'keylogger_detector' activado exitosamente
2025-11-16 18:25:45,998 - plugin.keylogger_detector - INFO - 📄 Configuración cargada desde C:\Users\windows10\Documents\GitHub\ANTIVIRUS_CPP_PROFESSIONAL\UNIFIED_ANTIVIRUS\plugins\detectors\keylogger_detector\config.json
2025-11-16 18:25:46,282 - plugin.keylogger_detector - INFO - ✅ Plugin 'keylogger_detector' activado exitosamente
2025-11-16 18:27:08,295 - plugin.keylogger_detector - INFO - 📄 Configuración cargada desde C:\Users\windows10\Documents\GitHub\ANTIVIRUS_CPP_PROFESSIONAL\UNIFIED_ANTIVIRUS\plugins\detectors\keylogger_detector\config.json
2025-11-16 18:27:08,663 - plugin.keylogger_detector - INFO - ✅ Plugin 'keylogger_detector' activado exitosamente
2025-11-16 18:31:58,653 - plugin.keylogger_detector - INFO - 📄 Configuración cargada desde C:\Users\windows10\Documents\GitHub\ANTIVIRUS_CPP_PROFESSIONAL\UNIFIED_ANTIVIRUS\plugins\detectors\keylogger_detector\config.json
2025-11-16 18:31:58,964 - plugin.keylogger_detector - INFO - ✅ Plugin 'keylogger_detector' activado exitosamente
2025-11-16 18:34:35,887 - plugin.keylogger_detector - INFO - 📄 Configuración cargada desde C:\Users\windows10\Documents\GitHub\ANTIVIRUS_CPP_PROFESSIONAL\UNIFIED_ANTIVIRUS\plugins\detectors\keylogger_detector\config.json
2025-11-16 18:34:36,221 - plugin.keylogger_detector - INFO - ✅ Plugin 'keylogger_detector' activado exitosamente
2025-11-16 18:35:45,753 - plugin.keylogger_detector - INFO - 📄 Configuración cargada desde C:\Users\windows10\Documents\GitHub\ANTIVIRUS_CPP_PROFESSIONAL\UNIFIED_ANTIVIRUS\plugins\detectors\keylogger_detector\config.json
2025-11-16 18:35:46,221 - plugin.keylogger_detector - INFO - ✅ Plugin 'keylogger_detector' activado exitosamente
2025-11-16 18:36:23,113 - plugin.keylogger_detector - INFO - 📄 Configuración cargada desde C:\Users\windows10\Documents\GitHub\ANTIVIRUS_CPP_PROFESSIONAL\UNIFIED_ANTIVIRUS\plugins\detectors\keylogger_detector\config.json
2025-11-16 18:36:23,358 - plugin.keylogger_detector - INFO - ✅ Plugin 'keylogger_detector' activado exitosamente
2025-11-16 18:42:21,440 - plugin.keylogger_detector - INFO - 📄 Configuración cargada desde C:\Users\windows10\Documents\GitHub\ANTIVIRUS_CPP_PROFESSIONAL\UNIFIED_ANTIVIRUS\plugins\detectors\keylogger_detector\config.json
2025-11-16 18:42:21,832 - plugin.keylogger_detector - INFO - ✅ Plugin 'keylogger_detector' activado exitosamente
2025-11-16 18:45:31,592 - plugin.keylogger_detector - INFO - 📄 Configuración cargada desde C:\Users\windows10\Documents\GitHub\ANTIVIRUS_CPP_PROFESSIONAL\UNIFIED_ANTIVIRUS\plugins\detectors\keylogger_detector\config.json
2025-11-16 18:45:31,981 - plugin.keylogger_detector - INFO - ✅ Plugin 'keylogger_detector' activado exitosamente
2025-11-16 18:50:02,805 - plugin.keylogger_detector - INFO - 📄 Configuración cargada desde C:\Users\windows10\Documents\GitHub\ANTIVIRUS_CPP_PROFESSIONAL\UNIFIED_ANTIVIRUS\plugins\detectors\keylogger_detector\config.json
2025-11-16 18:50:03,104 - plugin.keylogger_detector - INFO - ✅ Plugin 'keylogger_detector' activado exitosamente
2025-11-16 18:54:30,722 - plugin.keylogger_detector - INFO - 📄 Configuración cargada desde C:\Users\windows10\Documents\GitHub\ANTIVIRUS_CPP_PROFESSIONAL\UNIFIED_ANTIVIRUS\plugins\detectors\keylogger_detector\config.json
2025-11-16 18:54:31,228 - plugin.keylogger_detector - INFO - ✅ Plugin 'keylogger_detector' activado exitosamente
