<<<<<<< Updated upstream
<<<<<<< Updated upstream
2025-10-15 13:00:28,363 - plugin.ml_detector - INFO - 📄 Configuración cargada desde C:\Users\windows10\Documents\GitHub\proyecto-Anti-keylogger\UNIFIED_ANTIVIRUS\plugins\detectors\ml_detector\config.json
2025-10-15 13:00:28,489 - plugin.ml_detector - INFO - 📄 Configuración cargada desde C:\Users\windows10\Documents\GitHub\proyecto-Anti-keylogger\UNIFIED_ANTIVIRUS\plugins\detectors\ml_detector\config.json
2025-10-15 13:00:28,489 - plugin.ml_detector - INFO - 📄 Configuración cargada desde C:\Users\windows10\Documents\GitHub\proyecto-Anti-keylogger\UNIFIED_ANTIVIRUS\plugins\detectors\ml_detector\config.json
2025-10-15 13:04:39,938 - plugin.ml_detector - INFO - 📄 Configuración cargada desde C:\Users\windows10\Documents\GitHub\proyecto-Anti-keylogger\UNIFIED_ANTIVIRUS\plugins\detectors\ml_detector\config.json
2025-10-15 13:04:40,402 - plugin.ml_detector - INFO - 📄 Configuración cargada desde C:\Users\windows10\Documents\GitHub\proyecto-Anti-keylogger\UNIFIED_ANTIVIRUS\plugins\detectors\ml_detector\config.json
2025-10-15 13:04:40,402 - plugin.ml_detector - INFO - 📄 Configuración cargada desde C:\Users\windows10\Documents\GitHub\proyecto-Anti-keylogger\UNIFIED_ANTIVIRUS\plugins\detectors\ml_detector\config.json
2025-10-15 13:07:50,442 - plugin.ml_detector - INFO - 📄 Configuración cargada desde C:\Users\windows10\Documents\GitHub\proyecto-Anti-keylogger\UNIFIED_ANTIVIRUS\plugins\detectors\ml_detector\config.json
2025-10-15 13:07:50,899 - plugin.ml_detector - INFO - 📄 Configuración cargada desde C:\Users\windows10\Documents\GitHub\proyecto-Anti-keylogger\UNIFIED_ANTIVIRUS\plugins\detectors\ml_detector\config.json
2025-10-15 13:07:50,899 - plugin.ml_detector - INFO - 📄 Configuración cargada desde C:\Users\windows10\Documents\GitHub\proyecto-Anti-keylogger\UNIFIED_ANTIVIRUS\plugins\detectors\ml_detector\config.json
2025-10-15 13:15:39,822 - plugin.ml_detector - INFO - 📄 Configuración cargada desde C:\Users\windows10\Documents\GitHub\proyecto-Anti-keylogger\UNIFIED_ANTIVIRUS\plugins\detectors\ml_detector\config.json
2025-10-15 13:16:13,121 - plugin.ml_detector - INFO - ✅ Plugin 'ml_detector' activado exitosamente
2025-10-15 13:21:03,220 - plugin.ml_detector - INFO - 📄 Configuración cargada desde C:\Users\windows10\Documents\GitHub\proyecto-Anti-keylogger\UNIFIED_ANTIVIRUS\plugins\detectors\ml_detector\config.json
2025-10-15 13:21:36,117 - plugin.ml_detector - INFO - ✅ Plugin 'ml_detector' activado exitosamente
2025-10-15 16:07:25,389 - plugin.ml_detector - INFO - 📄 Configuración cargada desde C:\Users\windows10\Documents\GitHub\proyecto-Anti-keylogger\UNIFIED_ANTIVIRUS\plugins\detectors\ml_detector\config.json
2025-10-15 16:08:04,009 - plugin.ml_detector - INFO - ✅ Plugin 'ml_detector' activado exitosamente
2025-10-15 16:23:22,358 - plugin.ml_detector - INFO - 📄 Configuración cargada desde C:\Users\windows10\Documents\GitHub\proyecto-Anti-keylogger\UNIFIED_ANTIVIRUS\plugins\detectors\ml_detector\config.json
2025-10-15 16:23:56,103 - plugin.ml_detector - INFO - ✅ Plugin 'ml_detector' activado exitosamente
2025-10-15 16:29:14,904 - plugin.ml_detector - INFO - 📄 Configuración cargada desde C:\Users\windows10\Documents\GitHub\proyecto-Anti-keylogger\UNIFIED_ANTIVIRUS\plugins\detectors\ml_detector\config.json
2025-10-15 16:29:49,880 - plugin.ml_detector - INFO - ✅ Plugin 'ml_detector' activado exitosamente
2025-10-15 17:05:39,075 - plugin.ml_detector - INFO - 📄 Configuración cargada desde C:\Users\windows10\Documents\GitHub\proyecto-Anti-keylogger\UNIFIED_ANTIVIRUS\plugins\detectors\ml_detector\config.json
2025-10-15 17:06:16,193 - plugin.ml_detector - INFO - ✅ Plugin 'ml_detector' activado exitosamente
2025-10-15 17:09:38,379 - plugin.ml_detector - INFO - 📄 Configuración cargada desde C:\Users\windows10\Documents\GitHub\proyecto-Anti-keylogger\UNIFIED_ANTIVIRUS\plugins\detectors\ml_detector\config.json
2025-10-15 17:10:51,729 - plugin.ml_detector - INFO - 📄 Configuración cargada desde C:\Users\windows10\Documents\GitHub\proyecto-Anti-keylogger\UNIFIED_ANTIVIRUS\plugins\detectors\ml_detector\config.json
2025-10-15 17:16:39,422 - plugin.ml_detector - INFO - 📄 Configuración cargada desde C:\Users\windows10\Documents\GitHub\proyecto-Anti-keylogger\UNIFIED_ANTIVIRUS\plugins\detectors\ml_detector\config.json
2025-10-15 17:17:16,974 - plugin.ml_detector - INFO - ✅ Plugin 'ml_detector' activado exitosamente
2025-10-15 17:30:54,498 - plugin.ml_detector - INFO - 📄 Configuración cargada desde C:\Users\windows10\Documents\GitHub\proyecto-Anti-keylogger\UNIFIED_ANTIVIRUS\plugins\detectors\ml_detector\config.json
2025-10-15 17:34:05,774 - plugin.ml_detector - INFO - 📄 Configuración cargada desde C:\Users\windows10\Documents\GitHub\proyecto-Anti-keylogger\UNIFIED_ANTIVIRUS\plugins\detectors\ml_detector\config.json
2025-10-15 17:37:29,372 - plugin.ml_detector - INFO - 📄 Configuración cargada desde C:\Users\windows10\Documents\GitHub\proyecto-Anti-keylogger\UNIFIED_ANTIVIRUS\plugins\detectors\ml_detector\config.json
2025-10-15 17:38:11,446 - plugin.ml_detector - INFO - ✅ Plugin 'ml_detector' activado exitosamente
2025-10-15 17:53:35,078 - plugin.ml_detector - INFO - 📄 Configuración cargada desde C:\Users\windows10\Documents\GitHub\proyecto-Anti-keylogger\UNIFIED_ANTIVIRUS\plugins\detectors\ml_detector\config.json
2025-10-15 17:54:16,322 - plugin.ml_detector - INFO - ✅ Plugin 'ml_detector' activado exitosamente
2025-10-15 17:57:19,102 - plugin.ml_detector - INFO - 📄 Configuración cargada desde C:\Users\windows10\Documents\GitHub\proyecto-Anti-keylogger\UNIFIED_ANTIVIRUS\plugins\detectors\ml_detector\config.json
2025-10-15 17:57:59,014 - plugin.ml_detector - INFO - ✅ Plugin 'ml_detector' activado exitosamente
2025-10-20 11:15:54,881 - plugin.ml_detector - INFO - 📄 Configuración cargada desde C:\Users\windows10\Documents\GitHub\proyecto-Anti-keylogger\UNIFIED_ANTIVIRUS\plugins\detectors\ml_detector\config.json
2025-10-20 11:16:28,548 - plugin.ml_detector - INFO - ✅ Plugin 'ml_detector' activado exitosamente
2025-10-20 11:17:26,798 - plugin.ml_detector - INFO - 📄 Configuración cargada desde C:\Users\windows10\Documents\GitHub\proyecto-Anti-keylogger\UNIFIED_ANTIVIRUS\plugins\detectors\ml_detector\config.json
2025-10-20 11:18:01,733 - plugin.ml_detector - INFO - ✅ Plugin 'ml_detector' activado exitosamente
2025-10-20 11:20:30,305 - plugin.ml_detector - INFO - 📄 Configuración cargada desde C:\Users\windows10\Documents\GitHub\proyecto-Anti-keylogger\UNIFIED_ANTIVIRUS\plugins\detectors\ml_detector\config.json
2025-10-20 11:21:07,209 - plugin.ml_detector - INFO - ✅ Plugin 'ml_detector' activado exitosamente
2025-10-20 11:30:18,620 - plugin.ml_detector - INFO - 📄 Configuración cargada desde C:\Users\windows10\Documents\GitHub\proyecto-Anti-keylogger\UNIFIED_ANTIVIRUS\plugins\detectors\ml_detector\config.json
2025-10-20 11:30:54,676 - plugin.ml_detector - INFO - ✅ Plugin 'ml_detector' activado exitosamente
2025-10-20 11:35:10,093 - plugin.ml_detector - INFO - 📄 Configuración cargada desde C:\Users\windows10\Documents\GitHub\proyecto-Anti-keylogger\UNIFIED_ANTIVIRUS\plugins\detectors\ml_detector\config.json
2025-10-20 11:35:46,438 - plugin.ml_detector - INFO - ✅ Plugin 'ml_detector' activado exitosamente
2025-10-20 11:46:07,352 - plugin.ml_detector - INFO - 📄 Configuración cargada desde C:\Users\windows10\Documents\GitHub\proyecto-Anti-keylogger\UNIFIED_ANTIVIRUS\plugins\detectors\ml_detector\config.json
2025-10-20 11:46:43,747 - plugin.ml_detector - INFO - ✅ Plugin 'ml_detector' activado exitosamente
2025-10-20 11:52:43,046 - plugin.ml_detector - INFO - 📄 Configuración cargada desde C:\Users\windows10\Documents\GitHub\proyecto-Anti-keylogger\UNIFIED_ANTIVIRUS\plugins\detectors\ml_detector\config.json
2025-10-20 11:53:18,972 - plugin.ml_detector - INFO - ✅ Plugin 'ml_detector' activado exitosamente
2025-10-20 12:21:31,417 - plugin.ml_detector - INFO - 📄 Configuración cargada desde C:\Users\windows10\Documents\GitHub\proyecto-Anti-keylogger\UNIFIED_ANTIVIRUS\plugins\detectors\ml_detector\config.json
2025-10-20 12:22:08,483 - plugin.ml_detector - INFO - ✅ Plugin 'ml_detector' activado exitosamente
2025-10-20 12:23:56,185 - plugin.ml_detector - INFO - 📄 Configuración cargada desde C:\Users\windows10\Documents\GitHub\proyecto-Anti-keylogger\UNIFIED_ANTIVIRUS\plugins\detectors\ml_detector\config.json
2025-10-20 12:24:31,203 - plugin.ml_detector - INFO - ✅ Plugin 'ml_detector' activado exitosamente
2025-10-20 12:27:50,586 - plugin.ml_detector - INFO - 📄 Configuración cargada desde C:\Users\windows10\Documents\GitHub\proyecto-Anti-keylogger\UNIFIED_ANTIVIRUS\plugins\detectors\ml_detector\config.json
2025-10-20 12:28:26,170 - plugin.ml_detector - INFO - ✅ Plugin 'ml_detector' activado exitosamente
2025-10-20 12:32:25,524 - plugin.ml_detector - INFO - 📄 Configuración cargada desde C:\Users\windows10\Documents\GitHub\proyecto-Anti-keylogger\UNIFIED_ANTIVIRUS\plugins\detectors\ml_detector\config.json
2025-10-20 12:33:00,329 - plugin.ml_detector - INFO - ✅ Plugin 'ml_detector' activado exitosamente
2025-10-20 13:21:05,451 - plugin.ml_detector - INFO - 📄 Configuración cargada desde C:\Users\windows10\Documents\GitHub\proyecto-Anti-keylogger\UNIFIED_ANTIVIRUS\plugins\detectors\ml_detector\config.json
2025-10-20 13:21:40,494 - plugin.ml_detector - INFO - ✅ Plugin 'ml_detector' activado exitosamente
2025-10-20 13:38:52,476 - plugin.ml_detector - INFO - 📄 Configuración cargada desde C:\Users\windows10\Documents\GitHub\proyecto-Anti-keylogger\UNIFIED_ANTIVIRUS\plugins\detectors\ml_detector\config.json
2025-10-20 13:39:27,226 - plugin.ml_detector - INFO - ✅ Plugin 'ml_detector' activado exitosamente
2025-10-20 13:48:48,806 - plugin.ml_detector - INFO - 📄 Configuración cargada desde C:\Users\windows10\Documents\GitHub\proyecto-Anti-keylogger\UNIFIED_ANTIVIRUS\plugins\detectors\ml_detector\config.json
2025-10-20 13:49:24,051 - plugin.ml_detector - INFO - ✅ Plugin 'ml_detector' activado exitosamente
2025-10-20 14:03:48,709 - plugin.ml_detector - INFO - 📄 Configuración cargada desde C:\Users\windows10\Documents\GitHub\proyecto-Anti-keylogger\UNIFIED_ANTIVIRUS\plugins\detectors\ml_detector\config.json
2025-10-20 14:04:24,491 - plugin.ml_detector - INFO - ✅ Plugin 'ml_detector' activado exitosamente
2025-10-20 14:21:49,579 - plugin.ml_detector - INFO - 📄 Configuración cargada desde C:\Users\windows10\Documents\GitHub\proyecto-Anti-keylogger\UNIFIED_ANTIVIRUS\plugins\detectors\ml_detector\config.json
2025-10-20 14:22:24,246 - plugin.ml_detector - INFO - ✅ Plugin 'ml_detector' activado exitosamente
2025-10-20 14:33:28,070 - plugin.ml_detector - INFO - 📄 Configuración cargada desde C:\Users\windows10\Documents\GitHub\proyecto-Anti-keylogger\UNIFIED_ANTIVIRUS\plugins\detectors\ml_detector\config.json
2025-10-20 14:34:04,002 - plugin.ml_detector - INFO - ✅ Plugin 'ml_detector' activado exitosamente
2025-10-20 14:41:10,061 - plugin.ml_detector - INFO - 📄 Configuración cargada desde C:\Users\windows10\Documents\GitHub\proyecto-Anti-keylogger\UNIFIED_ANTIVIRUS\plugins\detectors\ml_detector\config.json
2025-10-20 14:41:45,126 - plugin.ml_detector - INFO - ✅ Plugin 'ml_detector' activado exitosamente
2025-10-20 15:01:44,890 - plugin.ml_detector - INFO - 📄 Configuración cargada desde C:\Users\windows10\Documents\GitHub\proyecto-Anti-keylogger\UNIFIED_ANTIVIRUS\plugins\detectors\ml_detector\config.json
2025-10-20 15:02:22,628 - plugin.ml_detector - INFO - ✅ Plugin 'ml_detector' activado exitosamente
2025-10-20 15:09:11,568 - plugin.ml_detector - INFO - 📄 Configuración cargada desde C:\Users\windows10\Documents\GitHub\proyecto-Anti-keylogger\UNIFIED_ANTIVIRUS\plugins\detectors\ml_detector\config.json
2025-10-20 15:09:47,974 - plugin.ml_detector - INFO - ✅ Plugin 'ml_detector' activado exitosamente
2025-10-20 15:12:11,433 - plugin.ml_detector - INFO - 📄 Configuración cargada desde C:\Users\windows10\Documents\GitHub\proyecto-Anti-keylogger\UNIFIED_ANTIVIRUS\plugins\detectors\ml_detector\config.json
2025-10-20 15:12:49,002 - plugin.ml_detector - INFO - ✅ Plugin 'ml_detector' activado exitosamente
2025-10-20 15:26:35,339 - plugin.ml_detector - INFO - 📄 Configuración cargada desde C:\Users\windows10\Documents\GitHub\proyecto-Anti-keylogger\UNIFIED_ANTIVIRUS\plugins\detectors\ml_detector\config.json
2025-10-20 15:27:10,422 - plugin.ml_detector - INFO - ✅ Plugin 'ml_detector' activado exitosamente
2025-10-20 15:27:55,466 - plugin.ml_detector - INFO - 📄 Configuración cargada desde C:\Users\windows10\Documents\GitHub\proyecto-Anti-keylogger\UNIFIED_ANTIVIRUS\plugins\detectors\ml_detector\config.json
2025-10-20 15:27:55,466 - plugin.ml_detector - INFO - 📄 Configuración cargada desde C:\Users\windows10\Documents\GitHub\proyecto-Anti-keylogger\UNIFIED_ANTIVIRUS\plugins\detectors\ml_detector\config.json
2025-10-20 15:28:29,823 - plugin.ml_detector - INFO - ✅ Plugin 'ml_detector' activado exitosamente
2025-10-20 15:28:29,823 - plugin.ml_detector - INFO - ✅ Plugin 'ml_detector' activado exitosamente
2025-10-24 17:32:59,779 - plugin.ml_detector - INFO - 📄 Configuración cargada desde C:\Users\windows10\Documents\GitHub\ANTIVIRUS_CPP_PROFESSIONAL\UNIFIED_ANTIVIRUS\plugins\detectors\ml_detector\config.json
2025-10-24 17:38:01,900 - plugin.ml_detector - INFO - 📄 Configuración cargada desde C:\Users\windows10\Documents\GitHub\ANTIVIRUS_CPP_PROFESSIONAL\UNIFIED_ANTIVIRUS\plugins\detectors\ml_detector\config.json
2025-10-24 17:38:37,693 - plugin.ml_detector - INFO - ✅ Plugin 'ml_detector' activado exitosamente
2025-10-24 17:41:16,853 - plugin.ml_detector - INFO - 📄 Configuración cargada desde C:\Users\windows10\Documents\GitHub\ANTIVIRUS_CPP_PROFESSIONAL\UNIFIED_ANTIVIRUS\plugins\detectors\ml_detector\config.json
2025-10-24 17:41:53,455 - plugin.ml_detector - INFO - ✅ Plugin 'ml_detector' activado exitosamente
2025-10-26 17:13:03,015 - plugin.ml_detector - INFO - 📄 Configuración cargada desde C:\Users\windows10\Documents\GitHub\ANTIVIRUS_CPP_PROFESSIONAL\UNIFIED_ANTIVIRUS\plugins\detectors\ml_detector\config.json
2025-10-26 17:13:40,413 - plugin.ml_detector - INFO - ✅ Plugin 'ml_detector' activado exitosamente
2025-10-26 17:24:31,254 - plugin.ml_detector - INFO - 📄 Configuración cargada desde C:\Users\windows10\Documents\GitHub\ANTIVIRUS_CPP_PROFESSIONAL\UNIFIED_ANTIVIRUS\plugins\detectors\ml_detector\config.json
2025-10-26 17:35:54,222 - plugin.ml_detector - INFO - 📄 Configuración cargada desde C:\Users\windows10\Documents\GitHub\ANTIVIRUS_CPP_PROFESSIONAL\UNIFIED_ANTIVIRUS\plugins\detectors\ml_detector\config.json
2025-10-26 17:36:28,526 - plugin.ml_detector - INFO - ✅ Plugin 'ml_detector' activado exitosamente
2025-10-26 18:28:39,424 - plugin.ml_detector - INFO - 📄 Configuración cargada desde C:\Users\windows10\Documents\GitHub\ANTIVIRUS_CPP_PROFESSIONAL\UNIFIED_ANTIVIRUS\plugins\detectors\ml_detector\config.json
2025-10-26 18:29:12,772 - plugin.ml_detector - INFO - ✅ Plugin 'ml_detector' activado exitosamente
2025-10-26 18:29:35,138 - plugin.ml_detector - INFO - 📄 Configuración cargada desde C:\Users\windows10\Documents\GitHub\ANTIVIRUS_CPP_PROFESSIONAL\UNIFIED_ANTIVIRUS\plugins\detectors\ml_detector\config.json
2025-10-26 18:30:08,734 - plugin.ml_detector - INFO - ✅ Plugin 'ml_detector' activado exitosamente
2025-10-27 11:38:45,045 - plugin.ml_detector - INFO - 📄 Configuración cargada desde C:\Users\windows10\Documents\GitHub\ANTIVIRUS_CPP_PROFESSIONAL\UNIFIED_ANTIVIRUS\plugins\detectors\ml_detector\config.json
2025-10-27 11:39:19,082 - plugin.ml_detector - INFO - ✅ Plugin 'ml_detector' activado exitosamente
2025-10-27 11:40:01,429 - plugin.ml_detector - INFO - 📄 Configuración cargada desde C:\Users\windows10\Documents\GitHub\ANTIVIRUS_CPP_PROFESSIONAL\UNIFIED_ANTIVIRUS\plugins\detectors\ml_detector\config.json
2025-10-27 11:40:35,417 - plugin.ml_detector - INFO - ✅ Plugin 'ml_detector' activado exitosamente
2025-10-27 11:41:51,517 - plugin.ml_detector - INFO - 📄 Configuración cargada desde C:\Users\windows10\Documents\GitHub\ANTIVIRUS_CPP_PROFESSIONAL\UNIFIED_ANTIVIRUS\plugins\detectors\ml_detector\config.json
2025-10-27 11:42:27,351 - plugin.ml_detector - INFO - ✅ Plugin 'ml_detector' activado exitosamente
2025-10-27 11:44:28,330 - plugin.ml_detector - INFO - 📄 Configuración cargada desde C:\Users\windows10\Documents\GitHub\ANTIVIRUS_CPP_PROFESSIONAL\UNIFIED_ANTIVIRUS\plugins\detectors\ml_detector\config.json
2025-10-27 11:45:01,463 - plugin.ml_detector - INFO - ✅ Plugin 'ml_detector' activado exitosamente
2025-10-27 11:59:22,138 - plugin.ml_detector - INFO - 📄 Configuración cargada desde C:\Users\windows10\Documents\GitHub\ANTIVIRUS_CPP_PROFESSIONAL\UNIFIED_ANTIVIRUS\plugins\detectors\ml_detector\config.json
2025-10-27 11:59:56,558 - plugin.ml_detector - INFO - ✅ Plugin 'ml_detector' activado exitosamente
2025-10-27 12:00:50,440 - plugin.ml_detector - INFO - 📄 Configuración cargada desde C:\Users\windows10\Documents\GitHub\ANTIVIRUS_CPP_PROFESSIONAL\UNIFIED_ANTIVIRUS\plugins\detectors\ml_detector\config.json
2025-10-27 12:01:25,347 - plugin.ml_detector - INFO - ✅ Plugin 'ml_detector' activado exitosamente
2025-10-27 12:14:08,365 - plugin.ml_detector - INFO - 📄 Configuración cargada desde C:\Users\windows10\Documents\GitHub\ANTIVIRUS_CPP_PROFESSIONAL\UNIFIED_ANTIVIRUS\plugins\detectors\ml_detector\config.json
2025-10-27 12:14:43,239 - plugin.ml_detector - INFO - ✅ Plugin 'ml_detector' activado exitosamente
2025-10-27 12:15:51,223 - plugin.ml_detector - INFO - 📄 Configuración cargada desde C:\Users\windows10\Documents\GitHub\ANTIVIRUS_CPP_PROFESSIONAL\UNIFIED_ANTIVIRUS\plugins\detectors\ml_detector\config.json
2025-10-27 12:16:26,303 - plugin.ml_detector - INFO - ✅ Plugin 'ml_detector' activado exitosamente
2025-10-27 12:17:06,513 - plugin.ml_detector - INFO - 📄 Configuración cargada desde C:\Users\windows10\Documents\GitHub\ANTIVIRUS_CPP_PROFESSIONAL\UNIFIED_ANTIVIRUS\plugins\detectors\ml_detector\config.json
2025-10-27 12:17:40,654 - plugin.ml_detector - INFO - ✅ Plugin 'ml_detector' activado exitosamente
2025-10-27 12:21:02,258 - plugin.ml_detector - INFO - 📄 Configuración cargada desde C:\Users\windows10\Documents\GitHub\ANTIVIRUS_CPP_PROFESSIONAL\UNIFIED_ANTIVIRUS\plugins\detectors\ml_detector\config.json
2025-10-27 12:21:37,056 - plugin.ml_detector - INFO - ✅ Plugin 'ml_detector' activado exitosamente
2025-10-27 12:21:52,681 - plugin.ml_detector - INFO - 📄 Configuración cargada desde C:\Users\windows10\Documents\GitHub\ANTIVIRUS_CPP_PROFESSIONAL\UNIFIED_ANTIVIRUS\plugins\detectors\ml_detector\config.json
2025-10-27 12:22:25,972 - plugin.ml_detector - INFO - ✅ Plugin 'ml_detector' activado exitosamente
2025-11-10 16:09:52,716 - plugin.ml_detector - INFO - 📄 Configuración cargada desde C:\Users\windows10\Documents\GitHub\ANTIVIRUS_CPP_PROFESSIONAL\UNIFIED_ANTIVIRUS\plugins\detectors\ml_detector\config.json
2025-11-10 16:26:21,504 - plugin.ml_detector - INFO - 📄 Configuración cargada desde C:\Users\windows10\Documents\GitHub\ANTIVIRUS_CPP_PROFESSIONAL\UNIFIED_ANTIVIRUS\plugins\detectors\ml_detector\config.json
2025-11-10 16:26:56,076 - plugin.ml_detector - INFO - ✅ Plugin 'ml_detector' activado exitosamente
2025-11-10 16:27:33,485 - plugin.ml_detector - INFO - 📄 Configuración cargada desde C:\Users\windows10\Documents\GitHub\ANTIVIRUS_CPP_PROFESSIONAL\UNIFIED_ANTIVIRUS\plugins\detectors\ml_detector\config.json
2025-11-10 16:28:06,892 - plugin.ml_detector - INFO - ✅ Plugin 'ml_detector' activado exitosamente
2025-11-10 16:30:25,807 - plugin.ml_detector - INFO - 📄 Configuración cargada desde C:\Users\windows10\Documents\GitHub\ANTIVIRUS_CPP_PROFESSIONAL\UNIFIED_ANTIVIRUS\plugins\detectors\ml_detector\config.json
2025-11-10 16:30:59,291 - plugin.ml_detector - INFO - ✅ Plugin 'ml_detector' activado exitosamente
2025-11-10 20:17:34,631 - plugin.ml_detector - INFO - 📄 Configuración cargada desde C:\Users\HP\Documents\GitHub\ANTIVIRUS_CPP_PROFESSIONAL\UNIFIED_ANTIVIRUS\plugins\detectors\ml_detector\config.json
2025-11-10 20:18:14,348 - plugin.ml_detector - INFO - ✅ Plugin 'ml_detector' activado exitosamente
2025-11-10 20:46:52,488 - plugin.ml_detector - INFO - 📄 Configuración cargada desde C:\Users\HP\Documents\GitHub\ANTIVIRUS_CPP_PROFESSIONAL\UNIFIED_ANTIVIRUS\plugins\detectors\ml_detector\config.json
2025-11-10 20:47:31,470 - plugin.ml_detector - INFO - ✅ Plugin 'ml_detector' activado exitosamente
=======
=======
>>>>>>> Stashed changes
2025-11-12 14:24:01,439 - plugin.ml_detector - INFO - 📄 Configuración cargada desde C:\Users\windows10\Documents\GitHub\ANTIVIRUS_CPP_PROFESSIONAL\UNIFIED_ANTIVIRUS\plugins\detectors\ml_detector\config.json
2025-11-12 14:24:35,309 - plugin.ml_detector - INFO - ✅ Plugin 'ml_detector' activado exitosamente
2025-11-12 14:50:00,935 - plugin.ml_detector - INFO - 📄 Configuración cargada desde C:\Users\windows10\Documents\GitHub\ANTIVIRUS_CPP_PROFESSIONAL\UNIFIED_ANTIVIRUS\plugins\detectors\ml_detector\config.json
2025-11-12 14:50:37,235 - plugin.ml_detector - INFO - ✅ Plugin 'ml_detector' activado exitosamente
2025-11-12 15:17:04,301 - plugin.ml_detector - INFO - 📄 Configuración cargada desde C:\Users\windows10\Documents\GitHub\ANTIVIRUS_CPP_PROFESSIONAL\UNIFIED_ANTIVIRUS\plugins\detectors\ml_detector\config.json
2025-11-12 15:17:37,530 - plugin.ml_detector - INFO - ✅ Plugin 'ml_detector' activado exitosamente
<<<<<<< Updated upstream
>>>>>>> Stashed changes
=======
>>>>>>> Stashed changes
2025-11-13 20:25:43,097 - plugin.ml_detector - INFO - 📄 Configuración cargada desde C:\Users\HP\Documents\GitHub\ANTIVIRUS_CPP_PROFESSIONAL\UNIFIED_ANTIVIRUS\plugins\detectors\ml_detector\config.json
2025-11-13 20:26:25,461 - plugin.ml_detector - INFO - ✅ Plugin 'ml_detector' activado exitosamente
2025-11-13 20:27:46,583 - plugin.ml_detector - INFO - 📄 Configuración cargada desde C:\Users\HP\Documents\GitHub\ANTIVIRUS_CPP_PROFESSIONAL\UNIFIED_ANTIVIRUS\plugins\detectors\ml_detector\config.json
2025-11-13 20:28:26,492 - plugin.ml_detector - INFO - ✅ Plugin 'ml_detector' activado exitosamente
2025-11-16 17:01:46,029 - plugin.ml_detector - INFO - 📄 Configuración cargada desde C:\Users\windows10\Documents\GitHub\ANTIVIRUS_CPP_PROFESSIONAL\UNIFIED_ANTIVIRUS\plugins\detectors\ml_detector\config.json
2025-11-16 17:02:19,794 - plugin.ml_detector - INFO - ✅ Plugin 'ml_detector' activado exitosamente
2025-11-16 17:50:18,677 - plugin.ml_detector - INFO - 📄 Configuración cargada desde C:\Users\windows10\Documents\GitHub\ANTIVIRUS_CPP_PROFESSIONAL\UNIFIED_ANTIVIRUS\plugins\detectors\ml_detector\config.json
2025-11-16 17:50:54,135 - plugin.ml_detector - INFO - ✅ Plugin 'ml_detector' activado exitosamente
2025-11-16 18:03:50,372 - plugin.ml_detector - INFO - 📄 Configuración cargada desde C:\Users\windows10\Documents\GitHub\ANTIVIRUS_CPP_PROFESSIONAL\UNIFIED_ANTIVIRUS\plugins\detectors\ml_detector\config.json
2025-11-16 18:04:25,243 - plugin.ml_detector - INFO - ✅ Plugin 'ml_detector' activado exitosamente
2025-11-16 18:14:03,026 - plugin.ml_detector - INFO - 📄 Configuración cargada desde C:\Users\windows10\Documents\GitHub\ANTIVIRUS_CPP_PROFESSIONAL\UNIFIED_ANTIVIRUS\plugins\detectors\ml_detector\config.json
2025-11-16 18:14:36,949 - plugin.ml_detector - INFO - ✅ Plugin 'ml_detector' activado exitosamente
2025-11-16 18:22:11,365 - plugin.ml_detector - INFO - 📄 Configuración cargada desde C:\Users\windows10\Documents\GitHub\ANTIVIRUS_CPP_PROFESSIONAL\UNIFIED_ANTIVIRUS\plugins\detectors\ml_detector\config.json
2025-11-16 18:22:45,889 - plugin.ml_detector - INFO - ✅ Plugin 'ml_detector' activado exitosamente
2025-11-16 18:25:09,254 - plugin.ml_detector - INFO - 📄 Configuración cargada desde C:\Users\windows10\Documents\GitHub\ANTIVIRUS_CPP_PROFESSIONAL\UNIFIED_ANTIVIRUS\plugins\detectors\ml_detector\config.json
2025-11-16 18:25:43,819 - plugin.ml_detector - INFO - ✅ Plugin 'ml_detector' activado exitosamente
2025-11-16 18:25:46,880 - plugin.ml_detector - INFO - 📄 Configuración cargada desde C:\Users\windows10\Documents\GitHub\ANTIVIRUS_CPP_PROFESSIONAL\UNIFIED_ANTIVIRUS\plugins\detectors\ml_detector\config.json
2025-11-16 18:26:20,529 - plugin.ml_detector - INFO - ✅ Plugin 'ml_detector' activado exitosamente
2025-11-16 18:27:09,049 - plugin.ml_detector - INFO - 📄 Configuración cargada desde C:\Users\windows10\Documents\GitHub\ANTIVIRUS_CPP_PROFESSIONAL\UNIFIED_ANTIVIRUS\plugins\detectors\ml_detector\config.json
2025-11-16 18:27:42,778 - plugin.ml_detector - INFO - ✅ Plugin 'ml_detector' activado exitosamente
2025-11-16 18:31:59,622 - plugin.ml_detector - INFO - 📄 Configuración cargada desde C:\Users\windows10\Documents\GitHub\ANTIVIRUS_CPP_PROFESSIONAL\UNIFIED_ANTIVIRUS\plugins\detectors\ml_detector\config.json
2025-11-16 18:32:34,241 - plugin.ml_detector - INFO - ✅ Plugin 'ml_detector' activado exitosamente
2025-11-16 18:34:36,891 - plugin.ml_detector - INFO - 📄 Configuración cargada desde C:\Users\windows10\Documents\GitHub\ANTIVIRUS_CPP_PROFESSIONAL\UNIFIED_ANTIVIRUS\plugins\detectors\ml_detector\config.json
2025-11-16 18:35:12,069 - plugin.ml_detector - INFO - ✅ Plugin 'ml_detector' activado exitosamente
2025-11-16 18:35:46,764 - plugin.ml_detector - INFO - 📄 Configuración cargada desde C:\Users\windows10\Documents\GitHub\ANTIVIRUS_CPP_PROFESSIONAL\UNIFIED_ANTIVIRUS\plugins\detectors\ml_detector\config.json
2025-11-16 18:36:23,862 - plugin.ml_detector - INFO - 📄 Configuración cargada desde C:\Users\windows10\Documents\GitHub\ANTIVIRUS_CPP_PROFESSIONAL\UNIFIED_ANTIVIRUS\plugins\detectors\ml_detector\config.json
2025-11-16 18:36:57,424 - plugin.ml_detector - INFO - ✅ Plugin 'ml_detector' activado exitosamente
2025-11-16 18:42:22,384 - plugin.ml_detector - INFO - 📄 Configuración cargada desde C:\Users\windows10\Documents\GitHub\ANTIVIRUS_CPP_PROFESSIONAL\UNIFIED_ANTIVIRUS\plugins\detectors\ml_detector\config.json
2025-11-16 18:42:57,572 - plugin.ml_detector - INFO - ✅ Plugin 'ml_detector' activado exitosamente
2025-11-16 18:45:32,551 - plugin.ml_detector - INFO - 📄 Configuración cargada desde C:\Users\windows10\Documents\GitHub\ANTIVIRUS_CPP_PROFESSIONAL\UNIFIED_ANTIVIRUS\plugins\detectors\ml_detector\config.json
2025-11-16 18:46:06,899 - plugin.ml_detector - INFO - ✅ Plugin 'ml_detector' activado exitosamente
2025-11-16 18:50:03,724 - plugin.ml_detector - INFO - 📄 Configuración cargada desde C:\Users\windows10\Documents\GitHub\ANTIVIRUS_CPP_PROFESSIONAL\UNIFIED_ANTIVIRUS\plugins\detectors\ml_detector\config.json
2025-11-16 18:50:38,040 - plugin.ml_detector - INFO - ✅ Plugin 'ml_detector' activado exitosamente
2025-11-16 18:54:31,502 - plugin.ml_detector - INFO - 📄 Configuración cargada desde C:\Users\windows10\Documents\GitHub\ANTIVIRUS_CPP_PROFESSIONAL\UNIFIED_ANTIVIRUS\plugins\detectors\ml_detector\config.json
2025-11-16 18:55:05,288 - plugin.ml_detector - INFO - ✅ Plugin 'ml_detector' activado exitosamente
