<<<<<<< Updated upstream
<<<<<<< Updated upstream
2025-10-06 12:15:18,971 - network_detector - INFO - 🌐 Inicializando Network Detector Plugin...
2025-10-06 12:15:18,982 - network_detector - INFO - 📋 Configuración cargada: 13 secciones
2025-10-06 12:15:18,982 - network_detector - INFO - 🔧 Componentes básicos inicializados
2025-10-06 12:15:18,982 - network_detector - INFO - 🛡️ Datos de seguridad básicos configurados
2025-10-06 12:15:18,982 - network_detector - INFO - 📡 Preparado para suscribirse a 4 tipos de eventos
2025-10-06 12:15:18,982 - network_detector - INFO - ✅ Network Detector Plugin inicializado correctamente
2025-10-06 12:15:18,983 - network_detector - ERROR - ❌ Error iniciando plugin: 'NetworkDetectorPlugin' object has no attribute 'is_active'
2025-10-06 12:18:51,078 - network_detector - INFO - 🌐 Inicializando Network Detector Plugin...
2025-10-06 12:18:51,078 - network_detector - INFO - 📋 Configuración cargada: 13 secciones
2025-10-06 12:18:51,078 - network_detector - INFO - 🔧 Componentes básicos inicializados
2025-10-06 12:18:51,079 - network_detector - INFO - 🛡️ Datos de seguridad básicos configurados
2025-10-06 12:18:51,079 - network_detector - INFO - 📡 Preparado para suscribirse a 4 tipos de eventos
2025-10-06 12:18:51,079 - network_detector - INFO - ✅ Network Detector Plugin inicializado correctamente
2025-10-06 12:18:51,079 - network_detector - INFO - 🚀 Network Detector Plugin iniciado
2025-10-06 12:18:51,080 - network_detector - INFO - 🛑 Network Detector Plugin detenido
2025-10-15 11:47:28,144 - network_detector - INFO - 🌐 Inicializando Network Detector Plugin...
2025-10-15 11:47:28,146 - network_detector - INFO - 📋 Configuración cargada: 13 secciones
2025-10-15 11:47:28,146 - network_detector - INFO - 🔧 Componentes básicos inicializados
2025-10-15 11:47:28,147 - network_detector - INFO - 🛡️ Datos de seguridad básicos configurados
2025-10-15 11:47:28,147 - network_detector - INFO - 📡 Preparado para suscribirse a 4 tipos de eventos
2025-10-15 11:47:28,147 - network_detector - INFO - ✅ Network Detector Plugin inicializado correctamente
2025-10-15 11:49:43,342 - network_detector - INFO - 🌐 Inicializando Network Detector Plugin...
2025-10-15 11:49:43,343 - network_detector - INFO - 📋 Configuración cargada: 13 secciones
2025-10-15 11:49:43,343 - network_detector - INFO - 🔧 Componentes básicos inicializados
2025-10-15 11:49:43,343 - network_detector - INFO - 🛡️ Datos de seguridad básicos configurados
2025-10-15 11:49:43,343 - network_detector - INFO - 📡 Preparado para suscribirse a 4 tipos de eventos
2025-10-15 11:49:43,343 - network_detector - INFO - ✅ Network Detector Plugin inicializado correctamente
2025-10-15 11:49:43,344 - network_detector - INFO - 🚀 Network Detector Plugin iniciado
2025-10-15 11:49:43,344 - network_detector - ERROR - Error detectando amenazas de red: NetworkConnection.__init__() missing 2 required positional arguments: 'process_pid' and 'connection_id'
2025-10-15 11:50:58,569 - network_detector - INFO - 🌐 Inicializando Network Detector Plugin...
2025-10-15 11:50:58,570 - network_detector - INFO - 📋 Configuración cargada: 13 secciones
2025-10-15 11:50:58,570 - network_detector - INFO - 🔧 Componentes básicos inicializados
2025-10-15 11:50:58,570 - network_detector - INFO - 🛡️ Datos de seguridad básicos configurados
2025-10-15 11:50:58,570 - network_detector - INFO - 📡 Preparado para suscribirse a 4 tipos de eventos
2025-10-15 11:50:58,571 - network_detector - INFO - ✅ Network Detector Plugin inicializado correctamente
2025-10-15 11:50:58,571 - network_detector - INFO - 🚀 Network Detector Plugin iniciado
2025-10-15 11:53:07,556 - network_detector - INFO - 🌐 Inicializando Network Detector Plugin...
2025-10-15 11:53:07,557 - network_detector - INFO - 📋 Configuración cargada: 13 secciones
2025-10-15 11:53:07,557 - network_detector - INFO - 🔧 Componentes básicos inicializados
2025-10-15 11:53:07,557 - network_detector - INFO - 🛡️ Datos de seguridad básicos configurados
2025-10-15 11:53:07,557 - network_detector - INFO - 📡 Preparado para suscribirse a 4 tipos de eventos
2025-10-15 11:53:07,557 - network_detector - INFO - ✅ Network Detector Plugin inicializado correctamente
2025-10-15 11:53:07,558 - network_detector - INFO - 🚀 Network Detector Plugin iniciado
2025-10-15 11:53:08,566 - network_detector - INFO - 🛑 Network Detector Plugin detenido
2025-10-15 13:00:28,483 - network_detector - INFO - 🚀 Activando Network Detector Plugin...
2025-10-15 13:00:28,484 - network_detector - ERROR - ❌ Componente NetworkAnalyzer no inicializado
2025-10-15 13:00:28,491 - network_detector - INFO - 🚀 Activando Network Detector Plugin...
2025-10-15 13:00:28,491 - network_detector - ERROR - ❌ Componente NetworkAnalyzer no inicializado
2025-10-15 13:04:40,055 - network_detector - INFO - 🌐 Inicializando Network Detector Plugin...
2025-10-15 13:04:40,056 - network_detector - INFO - 📋 Configuración cargada: 13 secciones
2025-10-15 13:04:40,056 - network_detector - INFO - 🔧 Componentes básicos inicializados
2025-10-15 13:04:40,056 - network_detector - INFO - 🛡️ Datos de seguridad básicos configurados
2025-10-15 13:04:40,057 - network_detector - INFO - 📡 Preparado para suscribirse a 4 tipos de eventos
2025-10-15 13:04:40,057 - network_detector - INFO - ✅ Network Detector Plugin inicializado correctamente
2025-10-15 13:04:40,057 - network_detector - INFO - 🚀 Activando Network Detector Plugin...
2025-10-15 13:04:40,057 - network_detector - ERROR - ❌ Componente NetworkAnalyzer no inicializado
2025-10-15 13:04:40,404 - network_detector - INFO - 🌐 Inicializando Network Detector Plugin...
2025-10-15 13:04:40,405 - network_detector - INFO - 📋 Configuración cargada: 13 secciones
2025-10-15 13:04:40,406 - network_detector - INFO - 🔧 Componentes básicos inicializados
2025-10-15 13:04:40,406 - network_detector - INFO - 🛡️ Datos de seguridad básicos configurados
2025-10-15 13:04:40,406 - network_detector - INFO - 📡 Preparado para suscribirse a 4 tipos de eventos
2025-10-15 13:04:40,406 - network_detector - INFO - ✅ Network Detector Plugin inicializado correctamente
2025-10-15 13:04:40,406 - network_detector - INFO - 🚀 Activando Network Detector Plugin...
2025-10-15 13:04:40,406 - network_detector - ERROR - ❌ Componente NetworkAnalyzer no inicializado
2025-10-15 13:07:50,551 - network_detector - INFO - 🌐 Inicializando Network Detector Plugin...
2025-10-15 13:07:50,553 - network_detector - INFO - 📋 Configuración cargada: 13 secciones
2025-10-15 13:07:50,553 - network_detector - INFO - 🔧 Componentes básicos inicializados
2025-10-15 13:07:50,553 - network_detector - INFO - 🛡️ Datos de seguridad básicos configurados
2025-10-15 13:07:50,553 - network_detector - INFO - 📡 Preparado para suscribirse a 4 tipos de eventos
2025-10-15 13:07:50,554 - network_detector - INFO - ✅ Network Detector Plugin inicializado correctamente
2025-10-15 13:07:50,554 - network_detector - INFO - 🚀 Activando Network Detector Plugin...
2025-10-15 13:07:50,554 - network_detector - INFO - ✅ Componentes verificados (modo básico)
2025-10-15 13:07:50,554 - network_detector - INFO - ✅ Network Detector Plugin activado
2025-10-15 13:16:13,122 - network_detector - INFO - 🌐 Inicializando Network Detector Plugin...
2025-10-15 13:16:13,122 - network_detector - INFO - 📋 Configuración cargada: 13 secciones
2025-10-15 13:16:13,123 - network_detector - INFO - 🔧 Componentes básicos inicializados
2025-10-15 13:16:13,123 - network_detector - INFO - 🛡️ Datos de seguridad básicos configurados
2025-10-15 13:16:13,123 - network_detector - INFO - 📡 Preparado para suscribirse a 4 tipos de eventos
2025-10-15 13:16:13,123 - network_detector - INFO - ✅ Network Detector Plugin inicializado correctamente
2025-10-15 13:16:13,123 - network_detector - INFO - 🚀 Activando Network Detector Plugin...
2025-10-15 13:16:13,124 - network_detector - INFO - ✅ Componentes verificados (modo básico)
2025-10-15 13:16:13,124 - network_detector - INFO - ✅ Network Detector Plugin activado
2025-10-15 13:21:36,119 - network_detector - INFO - 🌐 Inicializando Network Detector Plugin...
2025-10-15 13:21:36,119 - network_detector - INFO - 📋 Configuración cargada: 13 secciones
2025-10-15 13:21:36,119 - network_detector - INFO - 🔧 Componentes básicos inicializados
2025-10-15 13:21:36,120 - network_detector - INFO - 🛡️ Datos de seguridad básicos configurados
2025-10-15 13:21:36,120 - network_detector - INFO - 📡 Preparado para suscribirse a 4 tipos de eventos
2025-10-15 13:21:36,120 - network_detector - INFO - ✅ Network Detector Plugin inicializado correctamente
2025-10-15 13:21:36,120 - network_detector - INFO - 🚀 Activando Network Detector Plugin...
2025-10-15 13:21:36,120 - network_detector - INFO - ✅ Componentes verificados (modo básico)
2025-10-15 13:21:36,120 - network_detector - INFO - ✅ Network Detector Plugin activado
2025-10-15 16:08:04,011 - network_detector - INFO - 🌐 Inicializando Network Detector Plugin...
2025-10-15 16:08:04,022 - network_detector - INFO - 📋 Configuración cargada: 13 secciones
2025-10-15 16:08:04,022 - network_detector - INFO - 🔧 Componentes básicos inicializados
2025-10-15 16:08:04,022 - network_detector - INFO - 🛡️ Datos de seguridad básicos configurados
2025-10-15 16:08:04,022 - network_detector - INFO - 📡 Preparado para suscribirse a 4 tipos de eventos
2025-10-15 16:08:04,022 - network_detector - INFO - ✅ Network Detector Plugin inicializado correctamente
2025-10-15 16:08:04,023 - network_detector - INFO - 🚀 Activando Network Detector Plugin...
2025-10-15 16:08:04,023 - network_detector - INFO - ✅ Componentes verificados (modo básico)
2025-10-15 16:08:04,023 - network_detector - INFO - ✅ Network Detector Plugin activado
2025-10-15 16:23:56,104 - network_detector - INFO - 🌐 Inicializando Network Detector Plugin...
2025-10-15 16:23:56,105 - network_detector - INFO - 📋 Configuración cargada: 13 secciones
2025-10-15 16:23:56,105 - network_detector - INFO - 🔧 Componentes básicos inicializados
2025-10-15 16:23:56,106 - network_detector - INFO - 🛡️ Datos de seguridad básicos configurados
2025-10-15 16:23:56,106 - network_detector - INFO - 📡 Preparado para suscribirse a 4 tipos de eventos
2025-10-15 16:23:56,106 - network_detector - INFO - ✅ Network Detector Plugin inicializado correctamente
2025-10-15 16:23:56,106 - network_detector - INFO - 🚀 Activando Network Detector Plugin...
2025-10-15 16:23:56,106 - network_detector - INFO - ✅ Componentes verificados (modo básico)
2025-10-15 16:23:56,106 - network_detector - INFO - ✅ Network Detector Plugin activado
2025-10-15 16:29:49,896 - network_detector - INFO - 🌐 Inicializando Network Detector Plugin...
2025-10-15 16:29:49,896 - network_detector - INFO - 📋 Configuración cargada: 13 secciones
2025-10-15 16:29:49,897 - network_detector - INFO - 🔧 Componentes básicos inicializados
2025-10-15 16:29:49,897 - network_detector - INFO - 🛡️ Datos de seguridad básicos configurados
2025-10-15 16:29:49,898 - network_detector - INFO - 📡 Preparado para suscribirse a 4 tipos de eventos
2025-10-15 16:29:49,898 - network_detector - INFO - ✅ Network Detector Plugin inicializado correctamente
2025-10-15 16:29:49,899 - network_detector - INFO - 🚀 Activando Network Detector Plugin...
2025-10-15 16:29:49,899 - network_detector - INFO - ✅ Componentes verificados (modo básico)
2025-10-15 16:29:49,900 - network_detector - INFO - ✅ Network Detector Plugin activado
2025-10-15 17:06:16,383 - network_detector - INFO - 🌐 Inicializando Network Detector Plugin...
2025-10-15 17:06:16,467 - network_detector - INFO - 📋 Configuración cargada: 13 secciones
2025-10-15 17:06:16,480 - network_detector - INFO - 🔧 Componentes básicos inicializados
2025-10-15 17:06:16,480 - network_detector - INFO - 🛡️ Datos de seguridad básicos configurados
2025-10-15 17:06:16,494 - network_detector - INFO - 📡 Preparado para suscribirse a 4 tipos de eventos
2025-10-15 17:06:16,495 - network_detector - INFO - ✅ Network Detector Plugin inicializado correctamente
2025-10-15 17:06:16,509 - network_detector - INFO - 🚀 Activando Network Detector Plugin...
2025-10-15 17:06:16,523 - network_detector - INFO - ✅ Componentes verificados (modo básico)
2025-10-15 17:06:16,523 - network_detector - INFO - ✅ Network Detector Plugin activado
2025-10-15 17:17:17,004 - network_detector - INFO - 🌐 Inicializando Network Detector Plugin...
2025-10-15 17:17:17,006 - network_detector - INFO - 📋 Configuración cargada: 13 secciones
2025-10-15 17:17:17,007 - network_detector - INFO - 🔧 Componentes básicos inicializados
2025-10-15 17:17:17,007 - network_detector - INFO - 🛡️ Datos de seguridad básicos configurados
2025-10-15 17:17:17,008 - network_detector - INFO - 📡 Preparado para suscribirse a 4 tipos de eventos
2025-10-15 17:17:17,008 - network_detector - INFO - ✅ Network Detector Plugin inicializado correctamente
2025-10-15 17:17:17,009 - network_detector - INFO - 🚀 Activando Network Detector Plugin...
2025-10-15 17:17:17,009 - network_detector - INFO - ✅ Componentes verificados (modo básico)
2025-10-15 17:17:17,010 - network_detector - INFO - ✅ Network Detector Plugin activado
2025-10-15 17:38:11,628 - network_detector - INFO - 🌐 Inicializando Network Detector Plugin...
2025-10-15 17:38:11,664 - network_detector - INFO - 📋 Configuración cargada: 13 secciones
2025-10-15 17:38:11,665 - network_detector - INFO - 🔧 Componentes básicos inicializados
2025-10-15 17:38:11,665 - network_detector - INFO - 🛡️ Datos de seguridad básicos configurados
2025-10-15 17:38:11,665 - network_detector - INFO - 📡 Preparado para suscribirse a 4 tipos de eventos
2025-10-15 17:38:11,682 - network_detector - INFO - ✅ Network Detector Plugin inicializado correctamente
2025-10-15 17:38:11,700 - network_detector - INFO - 🚀 Activando Network Detector Plugin...
2025-10-15 17:38:11,701 - network_detector - INFO - ✅ Componentes verificados (modo básico)
2025-10-15 17:38:11,701 - network_detector - INFO - ✅ Network Detector Plugin activado
2025-10-15 17:54:16,346 - network_detector - INFO - 🌐 Inicializando Network Detector Plugin...
2025-10-15 17:54:16,349 - network_detector - INFO - 📋 Configuración cargada: 13 secciones
2025-10-15 17:54:16,350 - network_detector - INFO - 🔧 Componentes básicos inicializados
2025-10-15 17:54:16,351 - network_detector - INFO - 🛡️ Datos de seguridad básicos configurados
2025-10-15 17:54:16,352 - network_detector - INFO - 📡 Preparado para suscribirse a 4 tipos de eventos
2025-10-15 17:54:16,352 - network_detector - INFO - ✅ Network Detector Plugin inicializado correctamente
2025-10-15 17:54:16,353 - network_detector - INFO - 🚀 Activando Network Detector Plugin...
2025-10-15 17:54:16,354 - network_detector - INFO - ✅ Componentes verificados (modo básico)
2025-10-15 17:54:16,354 - network_detector - INFO - ✅ Network Detector Plugin activado
2025-10-15 17:57:59,211 - network_detector - INFO - 🌐 Inicializando Network Detector Plugin...
2025-10-15 17:57:59,266 - network_detector - INFO - 📋 Configuración cargada: 13 secciones
2025-10-15 17:57:59,306 - network_detector - INFO - 🔧 Componentes básicos inicializados
2025-10-15 17:57:59,365 - network_detector - INFO - 🛡️ Datos de seguridad básicos configurados
2025-10-15 17:57:59,405 - network_detector - INFO - 📡 Preparado para suscribirse a 4 tipos de eventos
2025-10-15 17:57:59,406 - network_detector - INFO - ✅ Network Detector Plugin inicializado correctamente
2025-10-15 17:57:59,466 - network_detector - INFO - 🚀 Activando Network Detector Plugin...
2025-10-15 17:57:59,514 - network_detector - INFO - ✅ Componentes verificados (modo básico)
2025-10-15 17:57:59,532 - network_detector - INFO - ✅ Network Detector Plugin activado
2025-10-20 11:16:28,550 - network_detector - INFO - 🌐 Inicializando Network Detector Plugin...
2025-10-20 11:16:28,551 - network_detector - INFO - 📋 Configuración cargada: 13 secciones
2025-10-20 11:16:28,552 - network_detector - INFO - 🔧 Componentes básicos inicializados
2025-10-20 11:16:28,552 - network_detector - INFO - 🛡️ Datos de seguridad básicos configurados
2025-10-20 11:16:28,552 - network_detector - INFO - 📡 Preparado para suscribirse a 4 tipos de eventos
2025-10-20 11:16:28,553 - network_detector - INFO - ✅ Network Detector Plugin inicializado correctamente
2025-10-20 11:16:28,554 - network_detector - INFO - 🚀 Activando Network Detector Plugin...
2025-10-20 11:16:28,554 - network_detector - INFO - ✅ Componentes verificados (modo básico)
2025-10-20 11:16:28,554 - network_detector - INFO - ✅ Network Detector Plugin activado
2025-10-20 11:18:01,760 - network_detector - INFO - 🌐 Inicializando Network Detector Plugin...
2025-10-20 11:18:01,762 - network_detector - INFO - 📋 Configuración cargada: 13 secciones
2025-10-20 11:18:01,762 - network_detector - INFO - 🔧 Componentes básicos inicializados
2025-10-20 11:18:01,762 - network_detector - INFO - 🛡️ Datos de seguridad básicos configurados
2025-10-20 11:18:01,763 - network_detector - INFO - 📡 Preparado para suscribirse a 4 tipos de eventos
2025-10-20 11:18:01,763 - network_detector - INFO - ✅ Network Detector Plugin inicializado correctamente
2025-10-20 11:18:01,764 - network_detector - INFO - 🚀 Activando Network Detector Plugin...
2025-10-20 11:18:01,764 - network_detector - INFO - ✅ Componentes verificados (modo básico)
2025-10-20 11:18:01,764 - network_detector - INFO - ✅ Network Detector Plugin activado
2025-10-20 11:21:07,237 - network_detector - INFO - 🌐 Inicializando Network Detector Plugin...
2025-10-20 11:21:07,238 - network_detector - INFO - 📋 Configuración cargada: 13 secciones
2025-10-20 11:21:07,239 - network_detector - INFO - 🔧 Componentes básicos inicializados
2025-10-20 11:21:07,239 - network_detector - INFO - 🛡️ Datos de seguridad básicos configurados
2025-10-20 11:21:07,239 - network_detector - INFO - 📡 Preparado para suscribirse a 4 tipos de eventos
2025-10-20 11:21:07,240 - network_detector - INFO - ✅ Network Detector Plugin inicializado correctamente
2025-10-20 11:21:07,240 - network_detector - INFO - 🚀 Activando Network Detector Plugin...
2025-10-20 11:21:07,240 - network_detector - INFO - ✅ Componentes verificados (modo básico)
2025-10-20 11:21:07,241 - network_detector - INFO - ✅ Network Detector Plugin activado
2025-10-20 11:30:54,689 - network_detector - INFO - 🌐 Inicializando Network Detector Plugin...
2025-10-20 11:30:54,690 - network_detector - INFO - 📋 Configuración cargada: 13 secciones
2025-10-20 11:30:54,691 - network_detector - INFO - 🔧 Componentes básicos inicializados
2025-10-20 11:30:54,691 - network_detector - INFO - 🛡️ Datos de seguridad básicos configurados
2025-10-20 11:30:54,691 - network_detector - INFO - 📡 Preparado para suscribirse a 4 tipos de eventos
2025-10-20 11:30:54,692 - network_detector - INFO - ✅ Network Detector Plugin inicializado correctamente
2025-10-20 11:30:54,692 - network_detector - INFO - 🚀 Activando Network Detector Plugin...
2025-10-20 11:30:54,693 - network_detector - INFO - ✅ Componentes verificados (modo básico)
2025-10-20 11:30:54,693 - network_detector - INFO - ✅ Network Detector Plugin activado
2025-10-20 11:35:46,536 - network_detector - INFO - 🌐 Inicializando Network Detector Plugin...
2025-10-20 11:35:46,571 - network_detector - INFO - 📋 Configuración cargada: 13 secciones
2025-10-20 11:35:46,572 - network_detector - INFO - 🔧 Componentes básicos inicializados
2025-10-20 11:35:46,572 - network_detector - INFO - 🛡️ Datos de seguridad básicos configurados
2025-10-20 11:35:46,572 - network_detector - INFO - 📡 Preparado para suscribirse a 4 tipos de eventos
2025-10-20 11:35:46,573 - network_detector - INFO - ✅ Network Detector Plugin inicializado correctamente
2025-10-20 11:35:46,574 - network_detector - INFO - 🚀 Activando Network Detector Plugin...
2025-10-20 11:35:46,574 - network_detector - INFO - ✅ Componentes verificados (modo básico)
2025-10-20 11:35:46,574 - network_detector - INFO - ✅ Network Detector Plugin activado
2025-10-20 11:46:43,850 - network_detector - INFO - 🌐 Inicializando Network Detector Plugin...
2025-10-20 11:46:43,889 - network_detector - INFO - 📋 Configuración cargada: 13 secciones
2025-10-20 11:46:43,890 - network_detector - INFO - 🔧 Componentes básicos inicializados
2025-10-20 11:46:43,918 - network_detector - INFO - 🛡️ Datos de seguridad básicos configurados
2025-10-20 11:46:43,942 - network_detector - INFO - 📡 Preparado para suscribirse a 4 tipos de eventos
2025-10-20 11:46:43,942 - network_detector - INFO - ✅ Network Detector Plugin inicializado correctamente
2025-10-20 11:46:43,970 - network_detector - INFO - 🚀 Activando Network Detector Plugin...
2025-10-20 11:46:43,970 - network_detector - INFO - ✅ Componentes verificados (modo básico)
2025-10-20 11:46:43,987 - network_detector - INFO - ✅ Network Detector Plugin activado
2025-10-20 11:53:19,009 - network_detector - INFO - 🌐 Inicializando Network Detector Plugin...
2025-10-20 11:53:19,057 - network_detector - INFO - 📋 Configuración cargada: 13 secciones
2025-10-20 11:53:19,058 - network_detector - INFO - 🔧 Componentes básicos inicializados
2025-10-20 11:53:19,083 - network_detector - INFO - 🛡️ Datos de seguridad básicos configurados
2025-10-20 11:53:19,083 - network_detector - INFO - 📡 Preparado para suscribirse a 4 tipos de eventos
2025-10-20 11:53:19,095 - network_detector - INFO - ✅ Network Detector Plugin inicializado correctamente
2025-10-20 11:53:19,096 - network_detector - INFO - 🚀 Activando Network Detector Plugin...
2025-10-20 11:53:19,096 - network_detector - INFO - ✅ Componentes verificados (modo básico)
2025-10-20 11:53:19,107 - network_detector - INFO - ✅ Network Detector Plugin activado
2025-10-20 12:22:08,486 - network_detector - INFO - 🌐 Inicializando Network Detector Plugin...
2025-10-20 12:22:08,487 - network_detector - INFO - 📋 Configuración cargada: 13 secciones
2025-10-20 12:22:08,488 - network_detector - INFO - 🔧 Componentes básicos inicializados
2025-10-20 12:22:08,488 - network_detector - INFO - 🛡️ Datos de seguridad básicos configurados
2025-10-20 12:22:08,489 - network_detector - INFO - 📡 Preparado para suscribirse a 4 tipos de eventos
2025-10-20 12:22:08,490 - network_detector - INFO - ✅ Network Detector Plugin inicializado correctamente
2025-10-20 12:22:08,490 - network_detector - INFO - 🚀 Activando Network Detector Plugin...
2025-10-20 12:22:08,491 - network_detector - INFO - ✅ Componentes verificados (modo básico)
2025-10-20 12:22:08,505 - network_detector - INFO - ✅ Network Detector Plugin activado
2025-10-20 12:24:31,281 - network_detector - INFO - 🌐 Inicializando Network Detector Plugin...
2025-10-20 12:24:31,307 - network_detector - INFO - 📋 Configuración cargada: 13 secciones
2025-10-20 12:24:31,336 - network_detector - INFO - 🔧 Componentes básicos inicializados
2025-10-20 12:24:31,337 - network_detector - INFO - 🛡️ Datos de seguridad básicos configurados
2025-10-20 12:24:31,347 - network_detector - INFO - 📡 Preparado para suscribirse a 4 tipos de eventos
2025-10-20 12:24:31,347 - network_detector - INFO - ✅ Network Detector Plugin inicializado correctamente
2025-10-20 12:24:31,405 - network_detector - INFO - 🚀 Activando Network Detector Plugin...
2025-10-20 12:24:31,409 - network_detector - INFO - ✅ Componentes verificados (modo básico)
2025-10-20 12:24:31,410 - network_detector - INFO - ✅ Network Detector Plugin activado
2025-10-20 12:28:26,198 - network_detector - INFO - 🌐 Inicializando Network Detector Plugin...
2025-10-20 12:28:26,199 - network_detector - INFO - 📋 Configuración cargada: 13 secciones
2025-10-20 12:28:26,200 - network_detector - INFO - 🔧 Componentes básicos inicializados
2025-10-20 12:28:26,201 - network_detector - INFO - 🛡️ Datos de seguridad básicos configurados
2025-10-20 12:28:26,201 - network_detector - INFO - 📡 Preparado para suscribirse a 4 tipos de eventos
2025-10-20 12:28:26,202 - network_detector - INFO - ✅ Network Detector Plugin inicializado correctamente
2025-10-20 12:28:26,202 - network_detector - INFO - 🚀 Activando Network Detector Plugin...
2025-10-20 12:28:26,203 - network_detector - INFO - ✅ Componentes verificados (modo básico)
2025-10-20 12:28:26,203 - network_detector - INFO - ✅ Network Detector Plugin activado
2025-10-20 12:33:00,332 - network_detector - INFO - 🌐 Inicializando Network Detector Plugin...
2025-10-20 12:33:00,334 - network_detector - INFO - 📋 Configuración cargada: 13 secciones
2025-10-20 12:33:00,334 - network_detector - INFO - 🔧 Componentes básicos inicializados
2025-10-20 12:33:00,335 - network_detector - INFO - 🛡️ Datos de seguridad básicos configurados
2025-10-20 12:33:00,335 - network_detector - INFO - 📡 Preparado para suscribirse a 4 tipos de eventos
2025-10-20 12:33:00,335 - network_detector - INFO - ✅ Network Detector Plugin inicializado correctamente
2025-10-20 12:33:00,336 - network_detector - INFO - 🚀 Activando Network Detector Plugin...
2025-10-20 12:33:00,337 - network_detector - INFO - ✅ Componentes verificados (modo básico)
2025-10-20 12:33:00,337 - network_detector - INFO - ✅ Network Detector Plugin activado
2025-10-20 13:21:40,534 - network_detector - INFO - 🌐 Inicializando Network Detector Plugin...
2025-10-20 13:21:40,549 - network_detector - INFO - 📋 Configuración cargada: 13 secciones
2025-10-20 13:21:40,549 - network_detector - INFO - 🔧 Componentes básicos inicializados
2025-10-20 13:21:40,550 - network_detector - INFO - 🛡️ Datos de seguridad básicos configurados
2025-10-20 13:21:40,550 - network_detector - INFO - 📡 Preparado para suscribirse a 4 tipos de eventos
2025-10-20 13:21:40,551 - network_detector - INFO - ✅ Network Detector Plugin inicializado correctamente
2025-10-20 13:21:40,551 - network_detector - INFO - 🚀 Activando Network Detector Plugin...
2025-10-20 13:21:40,552 - network_detector - INFO - ✅ Componentes verificados (modo básico)
2025-10-20 13:21:40,552 - network_detector - INFO - ✅ Network Detector Plugin activado
2025-10-20 13:39:27,228 - network_detector - INFO - 🌐 Inicializando Network Detector Plugin...
2025-10-20 13:39:27,230 - network_detector - INFO - 📋 Configuración cargada: 13 secciones
2025-10-20 13:39:27,230 - network_detector - INFO - 🔧 Componentes básicos inicializados
2025-10-20 13:39:27,231 - network_detector - INFO - 🛡️ Datos de seguridad básicos configurados
2025-10-20 13:39:27,232 - network_detector - INFO - 📡 Preparado para suscribirse a 4 tipos de eventos
2025-10-20 13:39:27,232 - network_detector - INFO - ✅ Network Detector Plugin inicializado correctamente
2025-10-20 13:39:27,233 - network_detector - INFO - 🚀 Activando Network Detector Plugin...
2025-10-20 13:39:27,234 - network_detector - INFO - ✅ Componentes verificados (modo básico)
2025-10-20 13:39:27,250 - network_detector - INFO - ✅ Network Detector Plugin activado
2025-10-20 13:49:24,054 - network_detector - INFO - 🌐 Inicializando Network Detector Plugin...
2025-10-20 13:49:24,113 - network_detector - INFO - 📋 Configuración cargada: 13 secciones
2025-10-20 13:49:24,141 - network_detector - INFO - 🔧 Componentes básicos inicializados
2025-10-20 13:49:24,232 - network_detector - INFO - 🛡️ Datos de seguridad básicos configurados
2025-10-20 13:49:24,257 - network_detector - INFO - 📡 Preparado para suscribirse a 4 tipos de eventos
2025-10-20 13:49:24,257 - network_detector - INFO - ✅ Network Detector Plugin inicializado correctamente
2025-10-20 13:49:24,258 - network_detector - INFO - 🚀 Activando Network Detector Plugin...
2025-10-20 13:49:24,259 - network_detector - INFO - ✅ Componentes verificados (modo básico)
2025-10-20 13:49:24,259 - network_detector - INFO - ✅ Network Detector Plugin activado
2025-10-20 14:04:24,533 - network_detector - INFO - 🌐 Inicializando Network Detector Plugin...
2025-10-20 14:04:24,548 - network_detector - INFO - 📋 Configuración cargada: 13 secciones
2025-10-20 14:04:24,549 - network_detector - INFO - 🔧 Componentes básicos inicializados
2025-10-20 14:04:24,549 - network_detector - INFO - 🛡️ Datos de seguridad básicos configurados
2025-10-20 14:04:24,549 - network_detector - INFO - 📡 Preparado para suscribirse a 4 tipos de eventos
2025-10-20 14:04:24,550 - network_detector - INFO - ✅ Network Detector Plugin inicializado correctamente
2025-10-20 14:04:24,550 - network_detector - INFO - 🚀 Activando Network Detector Plugin...
2025-10-20 14:04:24,551 - network_detector - INFO - ✅ Componentes verificados (modo básico)
2025-10-20 14:04:24,551 - network_detector - INFO - ✅ Network Detector Plugin activado
2025-10-20 14:22:24,268 - network_detector - INFO - 🌐 Inicializando Network Detector Plugin...
2025-10-20 14:22:24,270 - network_detector - INFO - 📋 Configuración cargada: 13 secciones
2025-10-20 14:22:24,270 - network_detector - INFO - 🔧 Componentes básicos inicializados
2025-10-20 14:22:24,271 - network_detector - INFO - 🛡️ Datos de seguridad básicos configurados
2025-10-20 14:22:24,271 - network_detector - INFO - 📡 Preparado para suscribirse a 4 tipos de eventos
2025-10-20 14:22:24,271 - network_detector - INFO - ✅ Network Detector Plugin inicializado correctamente
2025-10-20 14:22:24,272 - network_detector - INFO - 🚀 Activando Network Detector Plugin...
2025-10-20 14:22:24,272 - network_detector - INFO - ✅ Componentes verificados (modo básico)
2025-10-20 14:22:24,272 - network_detector - INFO - ✅ Network Detector Plugin activado
2025-10-20 14:34:04,064 - network_detector - INFO - 🌐 Inicializando Network Detector Plugin...
2025-10-20 14:34:04,110 - network_detector - INFO - 📋 Configuración cargada: 13 secciones
2025-10-20 14:34:04,110 - network_detector - INFO - 🔧 Componentes básicos inicializados
2025-10-20 14:34:04,110 - network_detector - INFO - 🛡️ Datos de seguridad básicos configurados
2025-10-20 14:34:04,111 - network_detector - INFO - 📡 Preparado para suscribirse a 4 tipos de eventos
2025-10-20 14:34:04,125 - network_detector - INFO - ✅ Network Detector Plugin inicializado correctamente
2025-10-20 14:34:04,126 - network_detector - INFO - 🚀 Activando Network Detector Plugin...
2025-10-20 14:34:04,126 - network_detector - INFO - ✅ Componentes verificados (modo básico)
2025-10-20 14:34:04,127 - network_detector - INFO - ✅ Network Detector Plugin activado
2025-10-20 14:41:45,129 - network_detector - INFO - 🌐 Inicializando Network Detector Plugin...
2025-10-20 14:41:45,151 - network_detector - INFO - 📋 Configuración cargada: 13 secciones
2025-10-20 14:41:45,151 - network_detector - INFO - 🔧 Componentes básicos inicializados
2025-10-20 14:41:45,152 - network_detector - INFO - 🛡️ Datos de seguridad básicos configurados
2025-10-20 14:41:45,152 - network_detector - INFO - 📡 Preparado para suscribirse a 4 tipos de eventos
2025-10-20 14:41:45,153 - network_detector - INFO - ✅ Network Detector Plugin inicializado correctamente
2025-10-20 14:41:45,154 - network_detector - INFO - 🚀 Activando Network Detector Plugin...
2025-10-20 14:41:45,154 - network_detector - INFO - ✅ Componentes verificados (modo básico)
2025-10-20 14:41:45,155 - network_detector - INFO - ✅ Network Detector Plugin activado
2025-10-20 15:02:22,748 - network_detector - INFO - 🌐 Inicializando Network Detector Plugin...
2025-10-20 15:02:22,777 - network_detector - INFO - 📋 Configuración cargada: 13 secciones
2025-10-20 15:02:22,778 - network_detector - INFO - 🔧 Componentes básicos inicializados
2025-10-20 15:02:22,778 - network_detector - INFO - 🛡️ Datos de seguridad básicos configurados
2025-10-20 15:02:22,796 - network_detector - INFO - 📡 Preparado para suscribirse a 4 tipos de eventos
2025-10-20 15:02:22,797 - network_detector - INFO - ✅ Network Detector Plugin inicializado correctamente
2025-10-20 15:02:22,797 - network_detector - INFO - 🚀 Activando Network Detector Plugin...
2025-10-20 15:02:22,798 - network_detector - INFO - ✅ Componentes verificados (modo básico)
2025-10-20 15:02:22,798 - network_detector - INFO - ✅ Network Detector Plugin activado
2025-10-20 15:09:48,007 - network_detector - INFO - 🌐 Inicializando Network Detector Plugin...
2025-10-20 15:09:48,066 - network_detector - INFO - 📋 Configuración cargada: 13 secciones
2025-10-20 15:09:48,089 - network_detector - INFO - 🔧 Componentes básicos inicializados
2025-10-20 15:09:48,090 - network_detector - INFO - 🛡️ Datos de seguridad básicos configurados
2025-10-20 15:09:48,114 - network_detector - INFO - 📡 Preparado para suscribirse a 4 tipos de eventos
2025-10-20 15:09:48,120 - network_detector - INFO - ✅ Network Detector Plugin inicializado correctamente
2025-10-20 15:09:48,137 - network_detector - INFO - 🚀 Activando Network Detector Plugin...
2025-10-20 15:09:48,138 - network_detector - INFO - ✅ Componentes verificados (modo básico)
2025-10-20 15:09:48,138 - network_detector - INFO - ✅ Network Detector Plugin activado
2025-10-20 15:12:49,060 - network_detector - INFO - 🌐 Inicializando Network Detector Plugin...
2025-10-20 15:12:49,076 - network_detector - INFO - 📋 Configuración cargada: 13 secciones
2025-10-20 15:12:49,077 - network_detector - INFO - 🔧 Componentes básicos inicializados
2025-10-20 15:12:49,077 - network_detector - INFO - 🛡️ Datos de seguridad básicos configurados
2025-10-20 15:12:49,078 - network_detector - INFO - 📡 Preparado para suscribirse a 4 tipos de eventos
2025-10-20 15:12:49,078 - network_detector - INFO - ✅ Network Detector Plugin inicializado correctamente
2025-10-20 15:12:49,079 - network_detector - INFO - 🚀 Activando Network Detector Plugin...
2025-10-20 15:12:49,079 - network_detector - INFO - ✅ Componentes verificados (modo básico)
2025-10-20 15:12:49,080 - network_detector - INFO - ✅ Network Detector Plugin activado
2025-10-20 15:27:10,532 - network_detector - INFO - 🌐 Inicializando Network Detector Plugin...
2025-10-20 15:27:10,561 - network_detector - INFO - 📋 Configuración cargada: 13 secciones
2025-10-20 15:27:10,575 - network_detector - INFO - 🔧 Componentes básicos inicializados
2025-10-20 15:27:10,576 - network_detector - INFO - 🛡️ Datos de seguridad básicos configurados
2025-10-20 15:27:10,576 - network_detector - INFO - 📡 Preparado para suscribirse a 4 tipos de eventos
2025-10-20 15:27:10,576 - network_detector - INFO - ✅ Network Detector Plugin inicializado correctamente
2025-10-20 15:27:10,592 - network_detector - INFO - 🚀 Activando Network Detector Plugin...
2025-10-20 15:27:10,592 - network_detector - INFO - ✅ Componentes verificados (modo básico)
2025-10-20 15:27:10,593 - network_detector - INFO - ✅ Network Detector Plugin activado
2025-10-20 15:28:30,017 - network_detector - INFO - 🌐 Inicializando Network Detector Plugin...
2025-10-20 15:28:30,061 - network_detector - INFO - 📋 Configuración cargada: 13 secciones
2025-10-20 15:28:30,134 - network_detector - INFO - 🔧 Componentes básicos inicializados
2025-10-20 15:28:30,145 - network_detector - INFO - 🛡️ Datos de seguridad básicos configurados
2025-10-20 15:28:30,181 - network_detector - INFO - 📡 Preparado para suscribirse a 4 tipos de eventos
2025-10-20 15:28:30,182 - network_detector - INFO - ✅ Network Detector Plugin inicializado correctamente
2025-10-20 15:28:30,243 - network_detector - INFO - 🚀 Activando Network Detector Plugin...
2025-10-20 15:28:30,244 - network_detector - INFO - ✅ Componentes verificados (modo básico)
2025-10-20 15:28:30,313 - network_detector - INFO - ✅ Network Detector Plugin activado
2025-10-24 17:38:37,735 - network_detector - INFO - 🌐 Inicializando Network Detector Plugin...
2025-10-24 17:38:37,751 - network_detector - INFO - 📋 Configuración cargada: 13 secciones
2025-10-24 17:38:37,752 - network_detector - INFO - 🔧 Componentes básicos inicializados
2025-10-24 17:38:37,752 - network_detector - INFO - 🛡️ Datos de seguridad básicos configurados
2025-10-24 17:38:37,752 - network_detector - INFO - 📡 Preparado para suscribirse a 4 tipos de eventos
2025-10-24 17:38:37,753 - network_detector - INFO - ✅ Network Detector Plugin inicializado correctamente
2025-10-24 17:38:37,754 - network_detector - INFO - 🚀 Activando Network Detector Plugin...
2025-10-24 17:38:37,754 - network_detector - INFO - ✅ Componentes verificados (modo básico)
2025-10-24 17:38:37,754 - network_detector - INFO - ✅ Network Detector Plugin activado
2025-10-24 17:41:53,456 - network_detector - INFO - 🌐 Inicializando Network Detector Plugin...
2025-10-24 17:41:53,457 - network_detector - INFO - 📋 Configuración cargada: 13 secciones
2025-10-24 17:41:53,457 - network_detector - INFO - 🔧 Componentes básicos inicializados
2025-10-24 17:41:53,457 - network_detector - INFO - 🛡️ Datos de seguridad básicos configurados
2025-10-24 17:41:53,457 - network_detector - INFO - 📡 Preparado para suscribirse a 4 tipos de eventos
2025-10-24 17:41:53,457 - network_detector - INFO - ✅ Network Detector Plugin inicializado correctamente
2025-10-24 17:41:53,457 - network_detector - INFO - 🚀 Activando Network Detector Plugin...
2025-10-24 17:41:53,458 - network_detector - INFO - ✅ Componentes verificados (modo básico)
2025-10-24 17:41:53,458 - network_detector - INFO - ✅ Network Detector Plugin activado
2025-10-26 17:13:40,635 - network_detector - INFO - 🌐 Inicializando Network Detector Plugin...
2025-10-26 17:13:40,776 - network_detector - INFO - 📋 Configuración cargada: 13 secciones
2025-10-26 17:13:40,806 - network_detector - INFO - 🔧 Componentes básicos inicializados
2025-10-26 17:13:40,855 - network_detector - INFO - 🛡️ Datos de seguridad básicos configurados
2025-10-26 17:13:40,883 - network_detector - INFO - 📡 Preparado para suscribirse a 4 tipos de eventos
2025-10-26 17:13:40,915 - network_detector - INFO - ✅ Network Detector Plugin inicializado correctamente
2025-10-26 17:13:40,962 - network_detector - INFO - 🚀 Activando Network Detector Plugin...
2025-10-26 17:13:40,995 - network_detector - INFO - ✅ Componentes verificados (modo básico)
2025-10-26 17:13:41,042 - network_detector - INFO - ✅ Network Detector Plugin activado
2025-10-26 17:36:28,528 - network_detector - INFO - 🌐 Inicializando Network Detector Plugin...
2025-10-26 17:36:28,529 - network_detector - INFO - 📋 Configuración cargada: 13 secciones
2025-10-26 17:36:28,530 - network_detector - INFO - 🔧 Componentes básicos inicializados
2025-10-26 17:36:28,530 - network_detector - INFO - 🛡️ Datos de seguridad básicos configurados
2025-10-26 17:36:28,531 - network_detector - INFO - 📡 Preparado para suscribirse a 4 tipos de eventos
2025-10-26 17:36:28,531 - network_detector - INFO - ✅ Network Detector Plugin inicializado correctamente
2025-10-26 17:36:28,532 - network_detector - INFO - 🚀 Activando Network Detector Plugin...
2025-10-26 17:36:28,532 - network_detector - INFO - ✅ Componentes verificados (modo básico)
2025-10-26 17:36:28,533 - network_detector - INFO - ✅ Network Detector Plugin activado
2025-10-26 18:29:12,917 - network_detector - INFO - 🌐 Inicializando Network Detector Plugin...
2025-10-26 18:29:13,090 - network_detector - INFO - 📋 Configuración cargada: 13 secciones
2025-10-26 18:29:13,215 - network_detector - INFO - 🔧 Componentes básicos inicializados
2025-10-26 18:29:13,390 - network_detector - INFO - 🛡️ Datos de seguridad básicos configurados
2025-10-26 18:29:13,435 - network_detector - INFO - 📡 Preparado para suscribirse a 4 tipos de eventos
2025-10-26 18:30:08,736 - network_detector - INFO - 🌐 Inicializando Network Detector Plugin...
2025-10-26 18:30:08,736 - network_detector - INFO - 📋 Configuración cargada: 13 secciones
2025-10-26 18:30:08,736 - network_detector - INFO - 🔧 Componentes básicos inicializados
2025-10-26 18:30:08,737 - network_detector - INFO - 🛡️ Datos de seguridad básicos configurados
2025-10-26 18:30:08,737 - network_detector - INFO - 📡 Preparado para suscribirse a 4 tipos de eventos
2025-10-26 18:30:08,737 - network_detector - INFO - ✅ Network Detector Plugin inicializado correctamente
2025-10-26 18:30:08,738 - network_detector - INFO - 🚀 Activando Network Detector Plugin...
2025-10-26 18:30:08,738 - network_detector - INFO - ✅ Componentes verificados (modo básico)
2025-10-26 18:30:08,738 - network_detector - INFO - ✅ Network Detector Plugin activado
2025-10-27 11:39:19,084 - network_detector - INFO - 🌐 Inicializando Network Detector Plugin...
2025-10-27 11:39:19,108 - network_detector - INFO - 📋 Configuración cargada: 13 secciones
2025-10-27 11:39:19,109 - network_detector - INFO - 🔧 Componentes básicos inicializados
2025-10-27 11:39:19,109 - network_detector - INFO - 🛡️ Datos de seguridad básicos configurados
2025-10-27 11:39:19,109 - network_detector - INFO - 📡 Preparado para suscribirse a 4 tipos de eventos
2025-10-27 11:39:19,135 - network_detector - INFO - ✅ Network Detector Plugin inicializado correctamente
2025-10-27 11:39:19,212 - network_detector - INFO - 🚀 Activando Network Detector Plugin...
2025-10-27 11:39:19,244 - network_detector - INFO - ✅ Componentes verificados (modo básico)
2025-10-27 11:39:19,292 - network_detector - INFO - ✅ Network Detector Plugin activado
2025-10-27 11:40:35,438 - network_detector - INFO - 🌐 Inicializando Network Detector Plugin...
2025-10-27 11:40:35,438 - network_detector - INFO - 📋 Configuración cargada: 13 secciones
2025-10-27 11:40:35,439 - network_detector - INFO - 🔧 Componentes básicos inicializados
2025-10-27 11:40:35,439 - network_detector - INFO - 🛡️ Datos de seguridad básicos configurados
2025-10-27 11:40:35,439 - network_detector - INFO - 📡 Preparado para suscribirse a 4 tipos de eventos
2025-10-27 11:40:35,439 - network_detector - INFO - ✅ Network Detector Plugin inicializado correctamente
2025-10-27 11:40:35,440 - network_detector - INFO - 🚀 Activando Network Detector Plugin...
2025-10-27 11:40:35,440 - network_detector - INFO - ✅ Componentes verificados (modo básico)
2025-10-27 11:40:35,440 - network_detector - INFO - ✅ Network Detector Plugin activado
2025-10-27 11:42:27,354 - network_detector - INFO - 🌐 Inicializando Network Detector Plugin...
2025-10-27 11:42:27,355 - network_detector - INFO - 📋 Configuración cargada: 13 secciones
2025-10-27 11:42:27,356 - network_detector - INFO - 🔧 Componentes básicos inicializados
2025-10-27 11:42:27,356 - network_detector - INFO - 🛡️ Datos de seguridad básicos configurados
2025-10-27 11:42:27,356 - network_detector - INFO - 📡 Preparado para suscribirse a 4 tipos de eventos
2025-10-27 11:42:27,357 - network_detector - INFO - ✅ Network Detector Plugin inicializado correctamente
2025-10-27 11:42:27,357 - network_detector - INFO - 🚀 Activando Network Detector Plugin...
2025-10-27 11:42:27,358 - network_detector - INFO - ✅ Componentes verificados (modo básico)
2025-10-27 11:42:27,358 - network_detector - INFO - ✅ Network Detector Plugin activado
2025-10-27 11:45:01,465 - network_detector - INFO - 🌐 Inicializando Network Detector Plugin...
2025-10-27 11:45:01,466 - network_detector - INFO - 📋 Configuración cargada: 13 secciones
2025-10-27 11:45:01,467 - network_detector - INFO - 🔧 Componentes básicos inicializados
2025-10-27 11:45:01,467 - network_detector - INFO - 🛡️ Datos de seguridad básicos configurados
2025-10-27 11:45:01,468 - network_detector - INFO - 📡 Preparado para suscribirse a 4 tipos de eventos
2025-10-27 11:45:01,468 - network_detector - INFO - ✅ Network Detector Plugin inicializado correctamente
2025-10-27 11:45:01,469 - network_detector - INFO - 🚀 Activando Network Detector Plugin...
2025-10-27 11:45:01,469 - network_detector - INFO - ✅ Componentes verificados (modo básico)
2025-10-27 11:45:01,469 - network_detector - INFO - ✅ Network Detector Plugin activado
2025-10-27 11:59:56,684 - network_detector - INFO - 🌐 Inicializando Network Detector Plugin...
2025-10-27 11:59:56,775 - network_detector - INFO - 📋 Configuración cargada: 13 secciones
2025-10-27 11:59:56,776 - network_detector - INFO - 🔧 Componentes básicos inicializados
2025-10-27 11:59:56,776 - network_detector - INFO - 🛡️ Datos de seguridad básicos configurados
2025-10-27 11:59:56,776 - network_detector - INFO - 📡 Preparado para suscribirse a 4 tipos de eventos
2025-10-27 11:59:56,776 - network_detector - INFO - ✅ Network Detector Plugin inicializado correctamente
2025-10-27 11:59:56,777 - network_detector - INFO - 🚀 Activando Network Detector Plugin...
2025-10-27 11:59:56,777 - network_detector - INFO - ✅ Componentes verificados (modo básico)
2025-10-27 11:59:56,777 - network_detector - INFO - ✅ Network Detector Plugin activado
2025-10-27 12:01:25,477 - network_detector - INFO - 🌐 Inicializando Network Detector Plugin...
2025-10-27 12:01:25,478 - network_detector - INFO - 📋 Configuración cargada: 13 secciones
2025-10-27 12:01:25,478 - network_detector - INFO - 🔧 Componentes básicos inicializados
2025-10-27 12:01:25,479 - network_detector - INFO - 🛡️ Datos de seguridad básicos configurados
2025-10-27 12:01:25,479 - network_detector - INFO - 📡 Preparado para suscribirse a 4 tipos de eventos
2025-10-27 12:01:25,479 - network_detector - INFO - ✅ Network Detector Plugin inicializado correctamente
2025-10-27 12:01:25,479 - network_detector - INFO - 🚀 Activando Network Detector Plugin...
2025-10-27 12:01:25,480 - network_detector - INFO - ✅ Componentes verificados (modo básico)
2025-10-27 12:01:25,480 - network_detector - INFO - ✅ Network Detector Plugin activado
2025-10-27 12:14:43,241 - network_detector - INFO - 🌐 Inicializando Network Detector Plugin...
2025-10-27 12:14:43,242 - network_detector - INFO - 📋 Configuración cargada: 13 secciones
2025-10-27 12:14:43,243 - network_detector - INFO - 🔧 Componentes básicos inicializados
2025-10-27 12:14:43,243 - network_detector - INFO - 🛡️ Datos de seguridad básicos configurados
2025-10-27 12:14:43,243 - network_detector - INFO - 📡 Preparado para suscribirse a 4 tipos de eventos
2025-10-27 12:14:43,244 - network_detector - INFO - ✅ Network Detector Plugin inicializado correctamente
2025-10-27 12:14:43,244 - network_detector - INFO - 🚀 Activando Network Detector Plugin...
2025-10-27 12:14:43,245 - network_detector - INFO - ✅ Componentes verificados (modo básico)
2025-10-27 12:14:43,245 - network_detector - INFO - ✅ Network Detector Plugin activado
2025-10-27 12:16:26,306 - network_detector - INFO - 🌐 Inicializando Network Detector Plugin...
2025-10-27 12:16:26,307 - network_detector - INFO - 📋 Configuración cargada: 13 secciones
2025-10-27 12:16:26,308 - network_detector - INFO - 🔧 Componentes básicos inicializados
2025-10-27 12:16:26,308 - network_detector - INFO - 🛡️ Datos de seguridad básicos configurados
2025-10-27 12:16:26,308 - network_detector - INFO - 📡 Preparado para suscribirse a 4 tipos de eventos
2025-10-27 12:16:26,309 - network_detector - INFO - ✅ Network Detector Plugin inicializado correctamente
2025-10-27 12:16:26,309 - network_detector - INFO - 🚀 Activando Network Detector Plugin...
2025-10-27 12:16:26,310 - network_detector - INFO - ✅ Componentes verificados (modo básico)
2025-10-27 12:16:26,310 - network_detector - INFO - ✅ Network Detector Plugin activado
2025-10-27 12:17:40,657 - network_detector - INFO - 🌐 Inicializando Network Detector Plugin...
2025-10-27 12:17:40,658 - network_detector - INFO - 📋 Configuración cargada: 13 secciones
2025-10-27 12:17:40,659 - network_detector - INFO - 🔧 Componentes básicos inicializados
2025-10-27 12:17:40,660 - network_detector - INFO - 🛡️ Datos de seguridad básicos configurados
2025-10-27 12:17:40,660 - network_detector - INFO - 📡 Preparado para suscribirse a 4 tipos de eventos
2025-10-27 12:17:40,661 - network_detector - INFO - ✅ Network Detector Plugin inicializado correctamente
2025-10-27 12:17:40,661 - network_detector - INFO - 🚀 Activando Network Detector Plugin...
2025-10-27 12:17:40,662 - network_detector - INFO - ✅ Componentes verificados (modo básico)
2025-10-27 12:17:40,663 - network_detector - INFO - ✅ Network Detector Plugin activado
2025-10-27 12:21:37,058 - network_detector - INFO - 🌐 Inicializando Network Detector Plugin...
2025-10-27 12:22:25,974 - network_detector - INFO - 🌐 Inicializando Network Detector Plugin...
2025-10-27 12:22:25,976 - network_detector - INFO - 📋 Configuración cargada: 13 secciones
2025-10-27 12:22:25,976 - network_detector - INFO - 🔧 Componentes básicos inicializados
2025-10-27 12:22:25,977 - network_detector - INFO - 🛡️ Datos de seguridad básicos configurados
2025-10-27 12:22:25,977 - network_detector - INFO - 📡 Preparado para suscribirse a 4 tipos de eventos
2025-10-27 12:22:25,977 - network_detector - INFO - ✅ Network Detector Plugin inicializado correctamente
2025-10-27 12:22:25,978 - network_detector - INFO - 🚀 Activando Network Detector Plugin...
2025-10-27 12:22:25,979 - network_detector - INFO - ✅ Componentes verificados (modo básico)
2025-10-27 12:22:25,979 - network_detector - INFO - ✅ Network Detector Plugin activado
2025-11-10 16:26:56,281 - network_detector - INFO - 🌐 Inicializando Network Detector Plugin...
2025-11-10 16:26:56,470 - network_detector - INFO - 📋 Configuración cargada: 13 secciones
2025-11-10 16:26:56,503 - network_detector - INFO - 🔧 Componentes básicos inicializados
2025-11-10 16:26:56,547 - network_detector - INFO - 🛡️ Datos de seguridad básicos configurados
2025-11-10 16:26:56,610 - network_detector - INFO - 📡 Preparado para suscribirse a 4 tipos de eventos
2025-11-10 16:26:56,659 - network_detector - INFO - ✅ Network Detector Plugin inicializado correctamente
2025-11-10 16:26:56,768 - network_detector - INFO - 🚀 Activando Network Detector Plugin...
2025-11-10 16:26:56,834 - network_detector - INFO - ✅ Componentes verificados (modo básico)
2025-11-10 16:26:56,882 - network_detector - INFO - ✅ Network Detector Plugin activado
2025-11-10 16:28:07,060 - network_detector - INFO - 🌐 Inicializando Network Detector Plugin...
2025-11-10 16:28:07,190 - network_detector - INFO - 📋 Configuración cargada: 13 secciones
2025-11-10 16:28:07,237 - network_detector - INFO - 🔧 Componentes básicos inicializados
2025-11-10 16:28:07,285 - network_detector - INFO - 🛡️ Datos de seguridad básicos configurados
2025-11-10 16:28:07,334 - network_detector - INFO - 📡 Preparado para suscribirse a 4 tipos de eventos
2025-11-10 16:28:07,365 - network_detector - INFO - ✅ Network Detector Plugin inicializado correctamente
2025-11-10 16:28:07,429 - network_detector - INFO - 🚀 Activando Network Detector Plugin...
2025-11-10 16:28:07,477 - network_detector - INFO - ✅ Componentes verificados (modo básico)
2025-11-10 16:28:07,541 - network_detector - INFO - ✅ Network Detector Plugin activado
2025-11-10 16:30:59,449 - network_detector - INFO - 🌐 Inicializando Network Detector Plugin...
2025-11-10 16:30:59,589 - network_detector - INFO - 📋 Configuración cargada: 13 secciones
2025-11-10 16:30:59,589 - network_detector - INFO - 🔧 Componentes básicos inicializados
2025-11-10 16:30:59,685 - network_detector - INFO - 🛡️ Datos de seguridad básicos configurados
2025-11-10 16:30:59,716 - network_detector - INFO - 📡 Preparado para suscribirse a 4 tipos de eventos
2025-11-10 16:30:59,808 - network_detector - INFO - ✅ Network Detector Plugin inicializado correctamente
2025-11-10 16:30:59,872 - network_detector - INFO - 🚀 Activando Network Detector Plugin...
2025-11-10 16:30:59,903 - network_detector - INFO - ✅ Componentes verificados (modo básico)
2025-11-10 16:30:59,950 - network_detector - INFO - ✅ Network Detector Plugin activado
2025-11-10 20:18:14,679 - network_detector - INFO - 🌐 Inicializando Network Detector Plugin...
2025-11-10 20:18:14,859 - network_detector - INFO - 📋 Configuración cargada: 13 secciones
2025-11-10 20:18:14,899 - network_detector - INFO - 🔧 Componentes básicos inicializados
2025-11-10 20:18:14,937 - network_detector - INFO - 🛡️ Datos de seguridad básicos configurados
2025-11-10 20:18:14,974 - network_detector - INFO - 📡 Preparado para suscribirse a 4 tipos de eventos
2025-11-10 20:18:14,986 - network_detector - INFO - ✅ Network Detector Plugin inicializado correctamente
2025-11-10 20:18:15,030 - network_detector - INFO - 🚀 Activando Network Detector Plugin...
2025-11-10 20:18:15,161 - network_detector - INFO - ✅ Componentes verificados (modo básico)
2025-11-10 20:18:15,212 - network_detector - INFO - ✅ Network Detector Plugin activado
2025-11-10 20:47:31,731 - network_detector - INFO - 🌐 Inicializando Network Detector Plugin...
2025-11-10 20:47:32,042 - network_detector - INFO - 📋 Configuración cargada: 13 secciones
2025-11-10 20:47:32,110 - network_detector - INFO - 🔧 Componentes básicos inicializados
2025-11-10 20:47:32,125 - network_detector - INFO - 🛡️ Datos de seguridad básicos configurados
2025-11-10 20:47:32,176 - network_detector - INFO - 📡 Preparado para suscribirse a 4 tipos de eventos
2025-11-10 20:47:32,225 - network_detector - INFO - ✅ Network Detector Plugin inicializado correctamente
2025-11-10 20:47:32,226 - network_detector - INFO - 🚀 Activando Network Detector Plugin...
2025-11-10 20:47:32,261 - network_detector - INFO - ✅ Componentes verificados (modo básico)
2025-11-10 20:47:32,293 - network_detector - INFO - ✅ Network Detector Plugin activado
=======
=======
>>>>>>> Stashed changes
2025-11-12 14:24:35,648 - network_detector - INFO - 🌐 Inicializando Network Detector Plugin...
2025-11-12 14:24:35,801 - network_detector - INFO - 📋 Configuración cargada: 13 secciones
2025-11-12 14:24:35,846 - network_detector - INFO - 🔧 Componentes básicos inicializados
2025-11-12 14:24:35,894 - network_detector - INFO - 🛡️ Datos de seguridad básicos configurados
2025-11-12 14:24:35,941 - network_detector - INFO - 📡 Preparado para suscribirse a 4 tipos de eventos
2025-11-12 14:24:35,990 - network_detector - INFO - ✅ Network Detector Plugin inicializado correctamente
2025-11-12 14:24:36,069 - network_detector - INFO - 🚀 Activando Network Detector Plugin...
2025-11-12 14:24:36,176 - network_detector - INFO - ✅ Componentes verificados (modo básico)
2025-11-12 14:24:36,209 - network_detector - INFO - ✅ Network Detector Plugin activado
2025-11-12 14:50:37,524 - network_detector - INFO - 🌐 Inicializando Network Detector Plugin...
2025-11-12 14:50:37,595 - network_detector - INFO - 📋 Configuración cargada: 13 secciones
2025-11-12 14:50:37,612 - network_detector - INFO - 🔧 Componentes básicos inicializados
2025-11-12 14:50:37,657 - network_detector - INFO - 🛡️ Datos de seguridad básicos configurados
2025-11-12 14:50:37,706 - network_detector - INFO - 📡 Preparado para suscribirse a 4 tipos de eventos
2025-11-12 14:50:37,751 - network_detector - INFO - ✅ Network Detector Plugin inicializado correctamente
2025-11-12 14:50:37,814 - network_detector - INFO - 🚀 Activando Network Detector Plugin...
2025-11-12 14:50:37,845 - network_detector - INFO - ✅ Componentes verificados (modo básico)
2025-11-12 14:50:37,878 - network_detector - INFO - ✅ Network Detector Plugin activado
2025-11-12 15:17:37,863 - network_detector - INFO - 🌐 Inicializando Network Detector Plugin...
2025-11-12 15:17:38,001 - network_detector - INFO - 📋 Configuración cargada: 13 secciones
2025-11-12 15:17:38,049 - network_detector - INFO - 🔧 Componentes básicos inicializados
2025-11-12 15:17:38,096 - network_detector - INFO - 🛡️ Datos de seguridad básicos configurados
2025-11-12 15:17:38,113 - network_detector - INFO - 📡 Preparado para suscribirse a 4 tipos de eventos
2025-11-12 15:17:38,143 - network_detector - INFO - ✅ Network Detector Plugin inicializado correctamente
2025-11-12 15:17:38,190 - network_detector - INFO - 🚀 Activando Network Detector Plugin...
2025-11-12 15:17:38,191 - network_detector - INFO - ✅ Componentes verificados (modo básico)
2025-11-12 15:17:38,216 - network_detector - INFO - ✅ Network Detector Plugin activado
<<<<<<< Updated upstream
>>>>>>> Stashed changes
=======
>>>>>>> Stashed changes
2025-11-13 20:26:25,630 - network_detector - INFO - 🌐 Inicializando Network Detector Plugin...
2025-11-13 20:26:25,871 - network_detector - INFO - 📋 Configuración cargada: 13 secciones
2025-11-13 20:26:25,896 - network_detector - INFO - 🔧 Componentes básicos inicializados
2025-11-13 20:26:25,945 - network_detector - INFO - 🛡️ Datos de seguridad básicos configurados
2025-11-13 20:26:26,028 - network_detector - INFO - 📡 Preparado para suscribirse a 4 tipos de eventos
2025-11-13 20:26:26,057 - network_detector - INFO - ✅ Network Detector Plugin inicializado correctamente
2025-11-13 20:26:26,099 - network_detector - INFO - 🚀 Activando Network Detector Plugin...
2025-11-13 20:26:26,174 - network_detector - INFO - ✅ Componentes verificados (modo básico)
2025-11-13 20:26:26,183 - network_detector - INFO - ✅ Network Detector Plugin activado
2025-11-13 20:28:26,680 - network_detector - INFO - 🌐 Inicializando Network Detector Plugin...
2025-11-13 20:28:26,836 - network_detector - INFO - 📋 Configuración cargada: 13 secciones
2025-11-13 20:28:26,878 - network_detector - INFO - 🔧 Componentes básicos inicializados
2025-11-13 20:28:26,928 - network_detector - INFO - 🛡️ Datos de seguridad básicos configurados
2025-11-13 20:28:26,964 - network_detector - INFO - 📡 Preparado para suscribirse a 4 tipos de eventos
2025-11-13 20:28:27,020 - network_detector - INFO - ✅ Network Detector Plugin inicializado correctamente
2025-11-13 20:28:27,054 - network_detector - INFO - 🚀 Activando Network Detector Plugin...
2025-11-13 20:28:27,123 - network_detector - INFO - ✅ Componentes verificados (modo básico)
2025-11-13 20:28:27,177 - network_detector - INFO - ✅ Network Detector Plugin activado
2025-11-16 17:02:20,101 - network_detector - INFO - 🌐 Inicializando Network Detector Plugin...
2025-11-16 17:02:20,255 - network_detector - INFO - 📋 Configuración cargada: 13 secciones
2025-11-16 17:02:20,306 - network_detector - INFO - 🔧 Componentes básicos inicializados
2025-11-16 17:02:20,356 - network_detector - INFO - 🛡️ Datos de seguridad básicos configurados
2025-11-16 17:02:20,396 - network_detector - INFO - 📡 Preparado para suscribirse a 4 tipos de eventos
2025-11-16 17:02:20,444 - network_detector - INFO - ✅ Network Detector Plugin inicializado correctamente
2025-11-16 17:02:20,536 - network_detector - INFO - 🚀 Activando Network Detector Plugin...
2025-11-16 17:02:20,567 - network_detector - INFO - ✅ Componentes verificados (modo básico)
2025-11-16 17:02:20,613 - network_detector - INFO - ✅ Network Detector Plugin activado
2025-11-16 17:50:54,356 - network_detector - INFO - 🌐 Inicializando Network Detector Plugin...
2025-11-16 17:50:54,527 - network_detector - INFO - 📋 Configuración cargada: 13 secciones
2025-11-16 17:50:54,545 - network_detector - INFO - 🔧 Componentes básicos inicializados
2025-11-16 17:50:54,575 - network_detector - INFO - 🛡️ Datos de seguridad básicos configurados
2025-11-16 17:50:54,606 - network_detector - INFO - 📡 Preparado para suscribirse a 4 tipos de eventos
2025-11-16 17:50:54,641 - network_detector - INFO - ✅ Network Detector Plugin inicializado correctamente
2025-11-16 17:50:54,703 - network_detector - INFO - 🚀 Activando Network Detector Plugin...
2025-11-16 17:50:54,747 - network_detector - INFO - ✅ Componentes verificados (modo básico)
2025-11-16 17:50:54,780 - network_detector - INFO - ✅ Network Detector Plugin activado
2025-11-16 18:04:25,506 - network_detector - INFO - 🌐 Inicializando Network Detector Plugin...
2025-11-16 18:04:25,534 - network_detector - INFO - 📋 Configuración cargada: 13 secciones
2025-11-16 18:04:25,535 - network_detector - INFO - 🔧 Componentes básicos inicializados
2025-11-16 18:04:25,535 - network_detector - INFO - 🛡️ Datos de seguridad básicos configurados
2025-11-16 18:04:25,535 - network_detector - INFO - 📡 Preparado para suscribirse a 4 tipos de eventos
2025-11-16 18:04:25,535 - network_detector - INFO - ✅ Network Detector Plugin inicializado correctamente
2025-11-16 18:04:25,536 - network_detector - INFO - 🚀 Activando Network Detector Plugin...
2025-11-16 18:04:25,536 - network_detector - INFO - ✅ Componentes verificados (modo básico)
2025-11-16 18:04:25,536 - network_detector - INFO - ✅ Network Detector Plugin activado
2025-11-16 18:14:37,118 - network_detector - INFO - 🌐 Inicializando Network Detector Plugin...
2025-11-16 18:14:37,203 - network_detector - INFO - 📋 Configuración cargada: 13 secciones
2025-11-16 18:14:37,227 - network_detector - INFO - 🔧 Componentes básicos inicializados
2025-11-16 18:14:37,260 - network_detector - INFO - 🛡️ Datos de seguridad básicos configurados
2025-11-16 18:14:37,292 - network_detector - INFO - 📡 Preparado para suscribirse a 4 tipos de eventos
2025-11-16 18:14:37,368 - network_detector - INFO - ✅ Network Detector Plugin inicializado correctamente
2025-11-16 18:14:37,509 - network_detector - INFO - 🚀 Activando Network Detector Plugin...
2025-11-16 18:14:37,571 - network_detector - INFO - ✅ Componentes verificados (modo básico)
2025-11-16 18:14:37,618 - network_detector - INFO - ✅ Network Detector Plugin activado
2025-11-16 18:22:46,059 - network_detector - INFO - 🌐 Inicializando Network Detector Plugin...
2025-11-16 18:22:46,169 - network_detector - INFO - 📋 Configuración cargada: 13 secciones
2025-11-16 18:22:46,232 - network_detector - INFO - 🔧 Componentes básicos inicializados
2025-11-16 18:22:46,312 - network_detector - INFO - 🛡️ Datos de seguridad básicos configurados
2025-11-16 18:22:46,342 - network_detector - INFO - 📡 Preparado para suscribirse a 4 tipos de eventos
2025-11-16 18:22:46,391 - network_detector - INFO - ✅ Network Detector Plugin inicializado correctamente
2025-11-16 18:22:46,453 - network_detector - INFO - 🚀 Activando Network Detector Plugin...
2025-11-16 18:22:46,500 - network_detector - INFO - ✅ Componentes verificados (modo básico)
2025-11-16 18:22:46,544 - network_detector - INFO - ✅ Network Detector Plugin activado
2025-11-16 18:25:47,411 - network_detector - INFO - 🌐 Inicializando Network Detector Plugin...
2025-11-16 18:25:47,411 - network_detector - INFO - 📋 Configuración cargada: 13 secciones
2025-11-16 18:25:47,412 - network_detector - INFO - 🔧 Componentes básicos inicializados
2025-11-16 18:25:47,412 - network_detector - INFO - 🛡️ Datos de seguridad básicos configurados
2025-11-16 18:25:47,412 - network_detector - INFO - 📡 Preparado para suscribirse a 4 tipos de eventos
2025-11-16 18:25:47,412 - network_detector - INFO - ✅ Network Detector Plugin inicializado correctamente
2025-11-16 18:25:47,412 - network_detector - INFO - 🚀 Activando Network Detector Plugin...
2025-11-16 18:25:47,412 - network_detector - INFO - ✅ Componentes verificados (modo básico)
2025-11-16 18:25:47,413 - network_detector - INFO - ✅ Network Detector Plugin activado
2025-11-16 18:26:20,672 - network_detector - INFO - 🌐 Inicializando Network Detector Plugin...
2025-11-16 18:26:20,842 - network_detector - INFO - 📋 Configuración cargada: 13 secciones
2025-11-16 18:26:20,872 - network_detector - INFO - 🔧 Componentes básicos inicializados
2025-11-16 18:26:20,904 - network_detector - INFO - 🛡️ Datos de seguridad básicos configurados
2025-11-16 18:26:20,918 - network_detector - INFO - 📡 Preparado para suscribirse a 4 tipos de eventos
2025-11-16 18:26:20,964 - network_detector - INFO - ✅ Network Detector Plugin inicializado correctamente
2025-11-16 18:26:20,994 - network_detector - INFO - 🚀 Activando Network Detector Plugin...
2025-11-16 18:26:21,009 - network_detector - INFO - ✅ Componentes verificados (modo básico)
2025-11-16 18:26:21,041 - network_detector - INFO - ✅ Network Detector Plugin activado
2025-11-16 18:27:42,998 - network_detector - INFO - 🌐 Inicializando Network Detector Plugin...
2025-11-16 18:27:43,122 - network_detector - INFO - 📋 Configuración cargada: 13 secciones
2025-11-16 18:27:43,136 - network_detector - INFO - 🔧 Componentes básicos inicializados
2025-11-16 18:27:43,168 - network_detector - INFO - 🛡️ Datos de seguridad básicos configurados
2025-11-16 18:27:43,230 - network_detector - INFO - 📡 Preparado para suscribirse a 4 tipos de eventos
2025-11-16 18:27:43,244 - network_detector - INFO - ✅ Network Detector Plugin inicializado correctamente
2025-11-16 18:27:43,342 - network_detector - INFO - 🚀 Activando Network Detector Plugin...
2025-11-16 18:27:43,370 - network_detector - INFO - ✅ Componentes verificados (modo básico)
2025-11-16 18:27:43,417 - network_detector - INFO - ✅ Network Detector Plugin activado
2025-11-16 18:32:34,496 - network_detector - INFO - 🌐 Inicializando Network Detector Plugin...
2025-11-16 18:32:34,621 - network_detector - INFO - 📋 Configuración cargada: 13 secciones
2025-11-16 18:32:34,637 - network_detector - INFO - 🔧 Componentes básicos inicializados
2025-11-16 18:32:34,652 - network_detector - INFO - 🛡️ Datos de seguridad básicos configurados
2025-11-16 18:32:34,732 - network_detector - INFO - 📡 Preparado para suscribirse a 4 tipos de eventos
2025-11-16 18:32:34,747 - network_detector - INFO - ✅ Network Detector Plugin inicializado correctamente
2025-11-16 18:32:34,828 - network_detector - INFO - 🚀 Activando Network Detector Plugin...
2025-11-16 18:32:34,876 - network_detector - INFO - ✅ Componentes verificados (modo básico)
2025-11-16 18:32:34,938 - network_detector - INFO - ✅ Network Detector Plugin activado
2025-11-16 18:35:12,260 - network_detector - INFO - 🌐 Inicializando Network Detector Plugin...
2025-11-16 18:35:12,418 - network_detector - INFO - 📋 Configuración cargada: 13 secciones
2025-11-16 18:35:12,448 - network_detector - INFO - 🔧 Componentes básicos inicializados
2025-11-16 18:35:12,464 - network_detector - INFO - 🛡️ Datos de seguridad básicos configurados
2025-11-16 18:35:12,496 - network_detector - INFO - 📡 Preparado para suscribirse a 4 tipos de eventos
2025-11-16 18:35:12,545 - network_detector - INFO - ✅ Network Detector Plugin inicializado correctamente
2025-11-16 18:35:12,576 - network_detector - INFO - 🚀 Activando Network Detector Plugin...
2025-11-16 18:35:12,623 - network_detector - INFO - ✅ Componentes verificados (modo básico)
2025-11-16 18:35:12,700 - network_detector - INFO - ✅ Network Detector Plugin activado
2025-11-16 18:36:57,562 - network_detector - INFO - 🌐 Inicializando Network Detector Plugin...
2025-11-16 18:36:57,748 - network_detector - INFO - 📋 Configuración cargada: 13 secciones
2025-11-16 18:36:57,782 - network_detector - INFO - 🔧 Componentes básicos inicializados
2025-11-16 18:36:57,797 - network_detector - INFO - 🛡️ Datos de seguridad básicos configurados
2025-11-16 18:36:57,843 - network_detector - INFO - 📡 Preparado para suscribirse a 4 tipos de eventos
2025-11-16 18:36:57,874 - network_detector - INFO - ✅ Network Detector Plugin inicializado correctamente
2025-11-16 18:36:57,998 - network_detector - INFO - 🚀 Activando Network Detector Plugin...
2025-11-16 18:36:58,064 - network_detector - INFO - ✅ Componentes verificados (modo básico)
2025-11-16 18:36:58,123 - network_detector - INFO - ✅ Network Detector Plugin activado
2025-11-16 18:42:57,774 - network_detector - INFO - 🌐 Inicializando Network Detector Plugin...
2025-11-16 18:42:57,930 - network_detector - INFO - 📋 Configuración cargada: 13 secciones
2025-11-16 18:42:57,994 - network_detector - INFO - 🔧 Componentes básicos inicializados
2025-11-16 18:42:58,040 - network_detector - INFO - 🛡️ Datos de seguridad básicos configurados
2025-11-16 18:42:58,072 - network_detector - INFO - 📡 Preparado para suscribirse a 4 tipos de eventos
2025-11-16 18:42:58,117 - network_detector - INFO - ✅ Network Detector Plugin inicializado correctamente
2025-11-16 18:42:58,181 - network_detector - INFO - 🚀 Activando Network Detector Plugin...
2025-11-16 18:42:58,227 - network_detector - INFO - ✅ Componentes verificados (modo básico)
2025-11-16 18:42:58,243 - network_detector - INFO - ✅ Network Detector Plugin activado
2025-11-16 18:46:07,101 - network_detector - INFO - 🌐 Inicializando Network Detector Plugin...
2025-11-16 18:46:07,243 - network_detector - INFO - 📋 Configuración cargada: 13 secciones
2025-11-16 18:46:07,274 - network_detector - INFO - 🔧 Componentes básicos inicializados
2025-11-16 18:46:07,306 - network_detector - INFO - 🛡️ Datos de seguridad básicos configurados
2025-11-16 18:46:07,369 - network_detector - INFO - 📡 Preparado para suscribirse a 4 tipos de eventos
2025-11-16 18:46:07,415 - network_detector - INFO - ✅ Network Detector Plugin inicializado correctamente
2025-11-16 18:46:07,510 - network_detector - INFO - 🚀 Activando Network Detector Plugin...
2025-11-16 18:46:07,557 - network_detector - INFO - ✅ Componentes verificados (modo básico)
2025-11-16 18:46:07,590 - network_detector - INFO - ✅ Network Detector Plugin activado
2025-11-16 18:50:38,250 - network_detector - INFO - 🌐 Inicializando Network Detector Plugin...
2025-11-16 18:50:38,359 - network_detector - INFO - 📋 Configuración cargada: 13 secciones
2025-11-16 18:50:38,404 - network_detector - INFO - 🔧 Componentes básicos inicializados
2025-11-16 18:50:38,453 - network_detector - INFO - 🛡️ Datos de seguridad básicos configurados
2025-11-16 18:50:38,517 - network_detector - INFO - 📡 Preparado para suscribirse a 4 tipos de eventos
2025-11-16 18:50:38,532 - network_detector - INFO - ✅ Network Detector Plugin inicializado correctamente
2025-11-16 18:50:38,578 - network_detector - INFO - 🚀 Activando Network Detector Plugin...
2025-11-16 18:50:38,624 - network_detector - INFO - ✅ Componentes verificados (modo básico)
2025-11-16 18:50:38,638 - network_detector - INFO - ✅ Network Detector Plugin activado
2025-11-16 18:55:05,651 - network_detector - INFO - 🌐 Inicializando Network Detector Plugin...
2025-11-16 18:55:05,807 - network_detector - INFO - 📋 Configuración cargada: 13 secciones
2025-11-16 18:55:05,852 - network_detector - INFO - 🔧 Componentes básicos inicializados
2025-11-16 18:55:05,887 - network_detector - INFO - 🛡️ Datos de seguridad básicos configurados
2025-11-16 18:55:05,934 - network_detector - INFO - 📡 Preparado para suscribirse a 4 tipos de eventos
2025-11-16 18:55:05,978 - network_detector - INFO - ✅ Network Detector Plugin inicializado correctamente
2025-11-16 18:55:06,063 - network_detector - INFO - 🚀 Activando Network Detector Plugin...
2025-11-16 18:55:06,123 - network_detector - INFO - ✅ Componentes verificados (modo básico)
2025-11-16 18:55:06,169 - network_detector - INFO - ✅ Network Detector Plugin activado
